10.0.0.4 - - [15/Feb/2025:05:36:09 +0000] "GET /api/company/company HTTP/1.1" 200 5189 "http://bas.rjpinfotek.com:5173/" "Mozilla/5.0 (Windows NT 10.0; Win64; x64) AppleWebKit/537.36 (KHTML, like Gecko) Chrome/133.0.0.0 Safari/537.36"
10.0.0.4 - - [15/Feb/2025:05:36:09 +0000] "GET /api/company/company HTTP/1.1" 304 - "http://bas.rjpinfotek.com:5173/" "Mozilla/5.0 (Windows NT 10.0; Win64; x64) AppleWebKit/537.36 (KHTML, like Gecko) Chrome/133.0.0.0 Safari/537.36"
10.0.0.4 - - [15/Feb/2025:05:36:12 +0000] "OPTIONS /api/project/projects-employees/6777c7bc02a24404c5ed5335? HTTP/1.1" 204 0 "http://bas.rjpinfotek.com:5173/" "Mozilla/5.0 (Windows NT 10.0; Win64; x64) AppleWebKit/537.36 (KHTML, like Gecko) Chrome/133.0.0.0 Safari/537.36"
10.0.0.4 - - [15/Feb/2025:05:36:12 +0000] "GET /api/project/projects-employees/6777c7bc02a24404c5ed5335? HTTP/1.1" 200 24155 "http://bas.rjpinfotek.com:5173/" "Mozilla/5.0 (Windows NT 10.0; Win64; x64) AppleWebKit/537.36 (KHTML, like Gecko) Chrome/133.0.0.0 Safari/537.36"
10.0.0.4 - - [15/Feb/2025:05:36:14 +0000] "OPTIONS /api/project/get-project/67920fd579bd2b3db567b175 HTTP/1.1" 204 0 "http://bas.rjpinfotek.com:5173/" "Mozilla/5.0 (Windows NT 10.0; Win64; x64) AppleWebKit/537.36 (KHTML, like Gecko) Chrome/133.0.0.0 Safari/537.36"
10.0.0.4 - - [15/Feb/2025:05:36:14 +0000] "GET /api/project/get-project/67920fd579bd2b3db567b175 HTTP/1.1" 200 1780 "http://bas.rjpinfotek.com:5173/" "Mozilla/5.0 (Windows NT 10.0; Win64; x64) AppleWebKit/537.36 (KHTML, like Gecko) Chrome/133.0.0.0 Safari/537.36"
10.0.0.4 - - [15/Feb/2025:05:36:14 +0000] "OPTIONS /api/project/expense/67920fd579bd2b3db567b175 HTTP/1.1" 204 0 "http://bas.rjpinfotek.com:5173/" "Mozilla/5.0 (Windows NT 10.0; Win64; x64) AppleWebKit/537.36 (KHTML, like Gecko) Chrome/133.0.0.0 Safari/537.36"
10.0.0.4 - - [15/Feb/2025:05:36:14 +0000] "OPTIONS /api/project/getChat/67920fd579bd2b3db567b175 HTTP/1.1" 204 0 "http://bas.rjpinfotek.com:5173/" "Mozilla/5.0 (Windows NT 10.0; Win64; x64) AppleWebKit/537.36 (KHTML, like Gecko) Chrome/133.0.0.0 Safari/537.36"
10.0.0.4 - - [15/Feb/2025:05:36:14 +0000] "GET /api/project/expense/67920fd579bd2b3db567b175 HTTP/1.1" 200 90 "http://bas.rjpinfotek.com:5173/" "Mozilla/5.0 (Windows NT 10.0; Win64; x64) AppleWebKit/537.36 (KHTML, like Gecko) Chrome/133.0.0.0 Safari/537.36"
10.0.0.4 - - [15/Feb/2025:05:36:14 +0000] "GET /api/project/getChat/67920fd579bd2b3db567b175 HTTP/1.1" 200 12 "http://bas.rjpinfotek.com:5173/" "Mozilla/5.0 (Windows NT 10.0; Win64; x64) AppleWebKit/537.36 (KHTML, like Gecko) Chrome/133.0.0.0 Safari/537.36"
10.0.0.4 - - [15/Feb/2025:05:36:14 +0000] "GET /api/project/expense/67920fd579bd2b3db567b175 HTTP/1.1" 304 - "http://bas.rjpinfotek.com:5173/" "Mozilla/5.0 (Windows NT 10.0; Win64; x64) AppleWebKit/537.36 (KHTML, like Gecko) Chrome/133.0.0.0 Safari/537.36"
10.0.0.4 - - [15/Feb/2025:05:36:14 +0000] "GET /api/project/getChat/67920fd579bd2b3db567b175 HTTP/1.1" 304 - "http://bas.rjpinfotek.com:5173/" "Mozilla/5.0 (Windows NT 10.0; Win64; x64) AppleWebKit/537.36 (KHTML, like Gecko) Chrome/133.0.0.0 Safari/537.36"
10.0.0.4 - - [15/Feb/2025:05:36:14 +0000] "GET /api/project/getChat/67920fd579bd2b3db567b175 HTTP/1.1" 304 - "http://bas.rjpinfotek.com:5173/" "Mozilla/5.0 (Windows NT 10.0; Win64; x64) AppleWebKit/537.36 (KHTML, like Gecko) Chrome/133.0.0.0 Safari/537.36"
122.165.128.91 - - [15/Feb/2025:05:36:25 +0000] "OPTIONS /api/company/company HTTP/1.1" 204 0 "http://bas.rjpinfotek.com:5173/" "Mozilla/5.0 (Windows NT 10.0; Win64; x64) AppleWebKit/537.36 (KHTML, like Gecko) Chrome/132.0.0.0 Safari/537.36"
122.165.128.91 - - [15/Feb/2025:05:36:25 +0000] "OPTIONS /api/company/company HTTP/1.1" 204 0 "http://bas.rjpinfotek.com:5173/" "Mozilla/5.0 (Windows NT 10.0; Win64; x64) AppleWebKit/537.36 (KHTML, like Gecko) Chrome/132.0.0.0 Safari/537.36"
122.165.128.91 - - [15/Feb/2025:05:36:26 +0000] "GET /api/company/company HTTP/1.1" 200 5189 "http://bas.rjpinfotek.com:5173/" "Mozilla/5.0 (Windows NT 10.0; Win64; x64) AppleWebKit/537.36 (KHTML, like Gecko) Chrome/132.0.0.0 Safari/537.36"
122.165.128.91 - - [15/Feb/2025:05:36:26 +0000] "GET /api/company/company HTTP/1.1" 304 - "http://bas.rjpinfotek.com:5173/" "Mozilla/5.0 (Windows NT 10.0; Win64; x64) AppleWebKit/537.36 (KHTML, like Gecko) Chrome/132.0.0.0 Safari/537.36"
49.47.241.86 - - [15/Feb/2025:05:37:08 +0000] "OPTIONS /api/trainer/update/67b0207a1b8b95c61e6f9a95 HTTP/1.1" 204 0 "http://bas.rjpinfotek.com:5174/" "Mozilla/5.0 (Windows NT 10.0; Win64; x64) AppleWebKit/537.36 (KHTML, like Gecko) Chrome/132.0.0.0 Safari/537.36 Edg/132.0.0.0"
49.47.241.86 - - [15/Feb/2025:05:37:08 +0000] "PUT /api/trainer/update/67b0207a1b8b95c61e6f9a95 HTTP/1.1" 200 1825 "http://bas.rjpinfotek.com:5174/" "Mozilla/5.0 (Windows NT 10.0; Win64; x64) AppleWebKit/537.36 (KHTML, like Gecko) Chrome/132.0.0.0 Safari/537.36 Edg/132.0.0.0"
49.47.241.86 - - [15/Feb/2025:05:37:08 +0000] "OPTIONS /api/trainer/details/67b0207a1b8b95c61e6f9a95 HTTP/1.1" 204 0 "http://bas.rjpinfotek.com:5174/" "Mozilla/5.0 (Windows NT 10.0; Win64; x64) AppleWebKit/537.36 (KHTML, like Gecko) Chrome/132.0.0.0 Safari/537.36 Edg/132.0.0.0"
49.47.241.86 - - [15/Feb/2025:05:37:08 +0000] "GET /api/trainer/details/67b0207a1b8b95c61e6f9a95 HTTP/1.1" 200 3996 "http://bas.rjpinfotek.com:5174/" "Mozilla/5.0 (Windows NT 10.0; Win64; x64) AppleWebKit/537.36 (KHTML, like Gecko) Chrome/132.0.0.0 Safari/537.36 Edg/132.0.0.0"
49.47.241.86 - - [15/Feb/2025:05:37:08 +0000] "OPTIONS /api/domains HTTP/1.1" 204 0 "http://bas.rjpinfotek.com:5174/" "Mozilla/5.0 (Windows NT 10.0; Win64; x64) AppleWebKit/537.36 (KHTML, like Gecko) Chrome/132.0.0.0 Safari/537.36 Edg/132.0.0.0"
49.47.241.86 - - [15/Feb/2025:05:37:08 +0000] "GET /api/domains HTTP/1.1" 304 - "http://bas.rjpinfotek.com:5174/" "Mozilla/5.0 (Windows NT 10.0; Win64; x64) AppleWebKit/537.36 (KHTML, like Gecko) Chrome/132.0.0.0 Safari/537.36 Edg/132.0.0.0"
122.165.128.91 - - [15/Feb/2025:05:37:15 +0000] "OPTIONS /api/company/create-contact/678b91a582758c691415c1b9 HTTP/1.1" 204 0 "http://bas.rjpinfotek.com:5173/" "Mozilla/5.0 (Windows NT 10.0; Win64; x64) AppleWebKit/537.36 (KHTML, like Gecko) Chrome/132.0.0.0 Safari/537.36"
122.165.128.91 - - [15/Feb/2025:05:37:15 +0000] "PUT /api/company/create-contact/678b91a582758c691415c1b9 HTTP/1.1" 201 42 "http://bas.rjpinfotek.com:5173/" "Mozilla/5.0 (Windows NT 10.0; Win64; x64) AppleWebKit/537.36 (KHTML, like Gecko) Chrome/132.0.0.0 Safari/537.36"
122.165.128.91 - - [15/Feb/2025:05:37:15 +0000] "OPTIONS /api/company/company HTTP/1.1" 204 0 "http://bas.rjpinfotek.com:5173/" "Mozilla/5.0 (Windows NT 10.0; Win64; x64) AppleWebKit/537.36 (KHTML, like Gecko) Chrome/132.0.0.0 Safari/537.36"
122.165.128.91 - - [15/Feb/2025:05:37:15 +0000] "GET /api/company/company HTTP/1.1" 200 5324 "http://bas.rjpinfotek.com:5173/" "Mozilla/5.0 (Windows NT 10.0; Win64; x64) AppleWebKit/537.36 (KHTML, like Gecko) Chrome/132.0.0.0 Safari/537.36"
122.165.128.91 - - [15/Feb/2025:05:37:17 +0000] "GET /api/company/company HTTP/1.1" 304 - "http://bas.rjpinfotek.com:5173/" "Mozilla/5.0 (Windows NT 10.0; Win64; x64) AppleWebKit/537.36 (KHTML, like Gecko) Chrome/132.0.0.0 Safari/537.36"
122.165.128.91 - - [15/Feb/2025:05:37:17 +0000] "GET /api/company/company HTTP/1.1" 304 - "http://bas.rjpinfotek.com:5173/" "Mozilla/5.0 (Windows NT 10.0; Win64; x64) AppleWebKit/537.36 (KHTML, like Gecko) Chrome/132.0.0.0 Safari/537.36"
122.165.128.91 - - [15/Feb/2025:05:37:25 +0000] "OPTIONS /api/domains HTTP/1.1" 204 0 "http://bas.rjpinfotek.com:5173/" "Mozilla/5.0 (Windows NT 10.0; Win64; x64) AppleWebKit/537.36 (KHTML, like Gecko) Chrome/133.0.0.0 Safari/537.36 Edg/133.0.0.0"
122.165.128.91 - - [15/Feb/2025:05:37:25 +0000] "OPTIONS /api/domains HTTP/1.1" 204 0 "http://bas.rjpinfotek.com:5173/" "Mozilla/5.0 (Windows NT 10.0; Win64; x64) AppleWebKit/537.36 (KHTML, like Gecko) Chrome/133.0.0.0 Safari/537.36 Edg/133.0.0.0"
122.165.128.91 - - [15/Feb/2025:05:37:25 +0000] "GET /api/domains HTTP/1.1" 304 - "http://bas.rjpinfotek.com:5173/" "Mozilla/5.0 (Windows NT 10.0; Win64; x64) AppleWebKit/537.36 (KHTML, like Gecko) Chrome/133.0.0.0 Safari/537.36 Edg/133.0.0.0"
122.165.128.91 - - [15/Feb/2025:05:37:25 +0000] "GET /api/domains HTTP/1.1" 304 - "http://bas.rjpinfotek.com:5173/" "Mozilla/5.0 (Windows NT 10.0; Win64; x64) AppleWebKit/537.36 (KHTML, like Gecko) Chrome/133.0.0.0 Safari/537.36 Edg/133.0.0.0"
122.165.128.91 - - [15/Feb/2025:05:37:36 +0000] "OPTIONS /api/company/create-contact/678b91a582758c691415c1b9 HTTP/1.1" 204 0 "http://bas.rjpinfotek.com:5173/" "Mozilla/5.0 (Windows NT 10.0; Win64; x64) AppleWebKit/537.36 (KHTML, like Gecko) Chrome/132.0.0.0 Safari/537.36"
122.165.128.91 - - [15/Feb/2025:05:37:36 +0000] "PUT /api/company/create-contact/678b91a582758c691415c1b9 HTTP/1.1" 201 42 "http://bas.rjpinfotek.com:5173/" "Mozilla/5.0 (Windows NT 10.0; Win64; x64) AppleWebKit/537.36 (KHTML, like Gecko) Chrome/132.0.0.0 Safari/537.36"
122.165.128.91 - - [15/Feb/2025:05:37:46 +0000] "OPTIONS /api/employee/getAll HTTP/1.1" 204 0 "http://bas.rjpinfotek.com:5173/" "Mozilla/5.0 (Windows NT 10.0; Win64; x64) AppleWebKit/537.36 (KHTML, like Gecko) Chrome/133.0.0.0 Safari/537.36 Edg/133.0.0.0"
122.165.128.91 - - [15/Feb/2025:05:37:46 +0000] "GET /api/employee/getAll HTTP/1.1" 200 2011 "http://bas.rjpinfotek.com:5173/" "Mozilla/5.0 (Windows NT 10.0; Win64; x64) AppleWebKit/537.36 (KHTML, like Gecko) Chrome/133.0.0.0 Safari/537.36 Edg/133.0.0.0"
122.165.128.91 - - [15/Feb/2025:05:37:49 +0000] "OPTIONS /api/domains HTTP/1.1" 204 0 "http://bas.rjpinfotek.com:5173/" "Mozilla/5.0 (Windows NT 10.0; Win64; x64) AppleWebKit/537.36 (KHTML, like Gecko) Chrome/133.0.0.0 Safari/537.36 Edg/133.0.0.0"
122.165.128.91 - - [15/Feb/2025:05:37:49 +0000] "OPTIONS /api/domains HTTP/1.1" 204 0 "http://bas.rjpinfotek.com:5173/" "Mozilla/5.0 (Windows NT 10.0; Win64; x64) AppleWebKit/537.36 (KHTML, like Gecko) Chrome/133.0.0.0 Safari/537.36 Edg/133.0.0.0"
122.165.128.91 - - [15/Feb/2025:05:37:49 +0000] "GET /api/domains HTTP/1.1" 304 - "http://bas.rjpinfotek.com:5173/" "Mozilla/5.0 (Windows NT 10.0; Win64; x64) AppleWebKit/537.36 (KHTML, like Gecko) Chrome/133.0.0.0 Safari/537.36 Edg/133.0.0.0"
122.165.128.91 - - [15/Feb/2025:05:37:49 +0000] "GET /api/domains HTTP/1.1" 304 - "http://bas.rjpinfotek.com:5173/" "Mozilla/5.0 (Windows NT 10.0; Win64; x64) AppleWebKit/537.36 (KHTML, like Gecko) Chrome/133.0.0.0 Safari/537.36 Edg/133.0.0.0"
122.165.128.91 - - [15/Feb/2025:05:38:38 +0000] "OPTIONS /api/domains HTTP/1.1" 204 0 "http://bas.rjpinfotek.com:5173/" "Mozilla/5.0 (Windows NT 10.0; Win64; x64) AppleWebKit/537.36 (KHTML, like Gecko) Chrome/132.0.0.0 Safari/537.36"
122.165.128.91 - - [15/Feb/2025:05:38:38 +0000] "OPTIONS /api/domains HTTP/1.1" 204 0 "http://bas.rjpinfotek.com:5173/" "Mozilla/5.0 (Windows NT 10.0; Win64; x64) AppleWebKit/537.36 (KHTML, like Gecko) Chrome/132.0.0.0 Safari/537.36"
122.165.128.91 - - [15/Feb/2025:05:38:38 +0000] "GET /api/domains HTTP/1.1" 200 5393 "http://bas.rjpinfotek.com:5173/" "Mozilla/5.0 (Windows NT 10.0; Win64; x64) AppleWebKit/537.36 (KHTML, like Gecko) Chrome/132.0.0.0 Safari/537.36"
122.165.128.91 - - [15/Feb/2025:05:38:38 +0000] "GET /api/domains HTTP/1.1" 304 - "http://bas.rjpinfotek.com:5173/" "Mozilla/5.0 (Windows NT 10.0; Win64; x64) AppleWebKit/537.36 (KHTML, like Gecko) Chrome/132.0.0.0 Safari/537.36"
122.165.128.91 - - [15/Feb/2025:05:39:45 +0000] "OPTIONS /api/domains/add-subdomain HTTP/1.1" 204 0 "http://bas.rjpinfotek.com:5173/" "Mozilla/5.0 (Windows NT 10.0; Win64; x64) AppleWebKit/537.36 (KHTML, like Gecko) Chrome/133.0.0.0 Safari/537.36 Edg/133.0.0.0"
122.165.128.91 - - [15/Feb/2025:05:39:45 +0000] "PUT /api/domains/add-subdomain HTTP/1.1" 200 43 "http://bas.rjpinfotek.com:5173/" "Mozilla/5.0 (Windows NT 10.0; Win64; x64) AppleWebKit/537.36 (KHTML, like Gecko) Chrome/133.0.0.0 Safari/537.36 Edg/133.0.0.0"
122.165.128.91 - - [15/Feb/2025:05:39:48 +0000] "OPTIONS /api/domains HTTP/1.1" 204 0 "http://bas.rjpinfotek.com:5173/" "Mozilla/5.0 (Windows NT 10.0; Win64; x64) AppleWebKit/537.36 (KHTML, like Gecko) Chrome/133.0.0.0 Safari/537.36 Edg/133.0.0.0"
122.165.128.91 - - [15/Feb/2025:05:39:48 +0000] "GET /api/domains HTTP/1.1" 200 5406 "http://bas.rjpinfotek.com:5173/" "Mozilla/5.0 (Windows NT 10.0; Win64; x64) AppleWebKit/537.36 (KHTML, like Gecko) Chrome/133.0.0.0 Safari/537.36 Edg/133.0.0.0"
122.165.128.91 - - [15/Feb/2025:05:39:54 +0000] "OPTIONS /api/company/company HTTP/1.1" 204 0 "http://bas.rjpinfotek.com:5173/" "Mozilla/5.0 (Windows NT 10.0; Win64; x64) AppleWebKit/537.36 (KHTML, like Gecko) Chrome/133.0.0.0 Safari/537.36 Edg/133.0.0.0"
122.165.128.91 - - [15/Feb/2025:05:39:54 +0000] "OPTIONS /api/company/company HTTP/1.1" 204 0 "http://bas.rjpinfotek.com:5173/" "Mozilla/5.0 (Windows NT 10.0; Win64; x64) AppleWebKit/537.36 (KHTML, like Gecko) Chrome/133.0.0.0 Safari/537.36 Edg/133.0.0.0"
122.165.128.91 - - [15/Feb/2025:05:39:54 +0000] "GET /api/company/company HTTP/1.1" 200 5467 "http://bas.rjpinfotek.com:5173/" "Mozilla/5.0 (Windows NT 10.0; Win64; x64) AppleWebKit/537.36 (KHTML, like Gecko) Chrome/133.0.0.0 Safari/537.36 Edg/133.0.0.0"
122.165.128.91 - - [15/Feb/2025:05:39:54 +0000] "GET /api/company/company HTTP/1.1" 304 - "http://bas.rjpinfotek.com:5173/" "Mozilla/5.0 (Windows NT 10.0; Win64; x64) AppleWebKit/537.36 (KHTML, like Gecko) Chrome/133.0.0.0 Safari/537.36 Edg/133.0.0.0"
122.165.128.91 - - [15/Feb/2025:05:40:04 +0000] "OPTIONS /api/domains HTTP/1.1" 204 0 "http://bas.rjpinfotek.com:5173/" "Mozilla/5.0 (Windows NT 10.0; Win64; x64) AppleWebKit/537.36 (KHTML, like Gecko) Chrome/133.0.0.0 Safari/537.36 Edg/133.0.0.0"
122.165.128.91 - - [15/Feb/2025:05:40:04 +0000] "OPTIONS /api/company/company HTTP/1.1" 204 0 "http://bas.rjpinfotek.com:5173/" "Mozilla/5.0 (Windows NT 10.0; Win64; x64) AppleWebKit/537.36 (KHTML, like Gecko) Chrome/133.0.0.0 Safari/537.36 Edg/133.0.0.0"
122.165.128.91 - - [15/Feb/2025:05:40:04 +0000] "OPTIONS /api/domains HTTP/1.1" 204 0 "http://bas.rjpinfotek.com:5173/" "Mozilla/5.0 (Windows NT 10.0; Win64; x64) AppleWebKit/537.36 (KHTML, like Gecko) Chrome/133.0.0.0 Safari/537.36 Edg/133.0.0.0"
122.165.128.91 - - [15/Feb/2025:05:40:04 +0000] "OPTIONS /api/company/company HTTP/1.1" 204 0 "http://bas.rjpinfotek.com:5173/" "Mozilla/5.0 (Windows NT 10.0; Win64; x64) AppleWebKit/537.36 (KHTML, like Gecko) Chrome/133.0.0.0 Safari/537.36 Edg/133.0.0.0"
122.165.128.91 - - [15/Feb/2025:05:40:04 +0000] "GET /api/domains HTTP/1.1" 304 - "http://bas.rjpinfotek.com:5173/" "Mozilla/5.0 (Windows NT 10.0; Win64; x64) AppleWebKit/537.36 (KHTML, like Gecko) Chrome/133.0.0.0 Safari/537.36 Edg/133.0.0.0"
122.165.128.91 - - [15/Feb/2025:05:40:04 +0000] "GET /api/company/company HTTP/1.1" 304 - "http://bas.rjpinfotek.com:5173/" "Mozilla/5.0 (Windows NT 10.0; Win64; x64) AppleWebKit/537.36 (KHTML, like Gecko) Chrome/133.0.0.0 Safari/537.36 Edg/133.0.0.0"
122.165.128.91 - - [15/Feb/2025:05:40:04 +0000] "GET /api/domains HTTP/1.1" 304 - "http://bas.rjpinfotek.com:5173/" "Mozilla/5.0 (Windows NT 10.0; Win64; x64) AppleWebKit/537.36 (KHTML, like Gecko) Chrome/133.0.0.0 Safari/537.36 Edg/133.0.0.0"
122.165.128.91 - - [15/Feb/2025:05:40:04 +0000] "GET /api/company/company HTTP/1.1" 304 - "http://bas.rjpinfotek.com:5173/" "Mozilla/5.0 (Windows NT 10.0; Win64; x64) AppleWebKit/537.36 (KHTML, like Gecko) Chrome/133.0.0.0 Safari/537.36 Edg/133.0.0.0"
49.47.241.86 - - [15/Feb/2025:05:40:36 +0000] "OPTIONS /api/trainer/resume/:id HTTP/1.1" 204 0 "http://bas.rjpinfotek.com:5174/" "Mozilla/5.0 (Windows NT 10.0; Win64; x64) AppleWebKit/537.36 (KHTML, like Gecko) Chrome/132.0.0.0 Safari/537.36 Edg/132.0.0.0"
49.47.241.86 - - [15/Feb/2025:05:40:36 +0000] "OPTIONS /api/trainer/resume/67b026971b8b95c61e6fa4a6 HTTP/1.1" 204 0 "http://bas.rjpinfotek.com:5174/" "Mozilla/5.0 (Windows NT 10.0; Win64; x64) AppleWebKit/537.36 (KHTML, like Gecko) Chrome/132.0.0.0 Safari/537.36 Edg/132.0.0.0"
49.47.241.86 - - [15/Feb/2025:05:40:36 +0000] "GET /api/trainer/resume/:id HTTP/1.1" 404 30 "http://bas.rjpinfotek.com:5174/" "Mozilla/5.0 (Windows NT 10.0; Win64; x64) AppleWebKit/537.36 (KHTML, like Gecko) Chrome/132.0.0.0 Safari/537.36 Edg/132.0.0.0"
49.47.241.86 - - [15/Feb/2025:05:40:36 +0000] "GET /api/trainer/resume/67b026971b8b95c61e6fa4a6 HTTP/1.1" 304 - "http://bas.rjpinfotek.com:5174/" "Mozilla/5.0 (Windows NT 10.0; Win64; x64) AppleWebKit/537.36 (KHTML, like Gecko) Chrome/132.0.0.0 Safari/537.36 Edg/132.0.0.0"
49.47.241.86 - - [15/Feb/2025:05:40:37 +0000] "OPTIONS /api/domains HTTP/1.1" 204 0 "http://bas.rjpinfotek.com:5174/" "Mozilla/5.0 (Windows NT 10.0; Win64; x64) AppleWebKit/537.36 (KHTML, like Gecko) Chrome/132.0.0.0 Safari/537.36 Edg/132.0.0.0"
49.47.241.86 - - [15/Feb/2025:05:40:37 +0000] "OPTIONS /api/domains HTTP/1.1" 204 0 "http://bas.rjpinfotek.com:5174/" "Mozilla/5.0 (Windows NT 10.0; Win64; x64) AppleWebKit/537.36 (KHTML, like Gecko) Chrome/132.0.0.0 Safari/537.36 Edg/132.0.0.0"
49.47.241.86 - - [15/Feb/2025:05:40:37 +0000] "GET /api/domains HTTP/1.1" 200 5406 "http://bas.rjpinfotek.com:5174/" "Mozilla/5.0 (Windows NT 10.0; Win64; x64) AppleWebKit/537.36 (KHTML, like Gecko) Chrome/132.0.0.0 Safari/537.36 Edg/132.0.0.0"
49.47.241.86 - - [15/Feb/2025:05:40:37 +0000] "GET /api/domains HTTP/1.1" 304 - "http://bas.rjpinfotek.com:5174/" "Mozilla/5.0 (Windows NT 10.0; Win64; x64) AppleWebKit/537.36 (KHTML, like Gecko) Chrome/132.0.0.0 Safari/537.36 Edg/132.0.0.0"
122.165.128.91 - - [15/Feb/2025:05:41:18 +0000] "OPTIONS /api/domains/add-subdomain HTTP/1.1" 204 0 "http://bas.rjpinfotek.com:5173/" "Mozilla/5.0 (Windows NT 10.0; Win64; x64) AppleWebKit/537.36 (KHTML, like Gecko) Chrome/132.0.0.0 Safari/537.36"
122.165.128.91 - - [15/Feb/2025:05:41:18 +0000] "PUT /api/domains/add-subdomain HTTP/1.1" 200 43 "http://bas.rjpinfotek.com:5173/" "Mozilla/5.0 (Windows NT 10.0; Win64; x64) AppleWebKit/537.36 (KHTML, like Gecko) Chrome/132.0.0.0 Safari/537.36"
122.165.128.91 - - [15/Feb/2025:05:41:21 +0000] "OPTIONS /api/domains HTTP/1.1" 204 0 "http://bas.rjpinfotek.com:5173/" "Mozilla/5.0 (Windows NT 10.0; Win64; x64) AppleWebKit/537.36 (KHTML, like Gecko) Chrome/132.0.0.0 Safari/537.36"
122.165.128.91 - - [15/Feb/2025:05:41:21 +0000] "GET /api/domains HTTP/1.1" 200 5414 "http://bas.rjpinfotek.com:5173/" "Mozilla/5.0 (Windows NT 10.0; Win64; x64) AppleWebKit/537.36 (KHTML, like Gecko) Chrome/132.0.0.0 Safari/537.36"
49.47.241.86 - - [15/Feb/2025:05:41:39 +0000] "OPTIONS /api/trainer/workingDates/67b0207a1b8b95c61e6f9a95 HTTP/1.1" 204 0 "http://bas.rjpinfotek.com:5174/" "Mozilla/5.0 (Windows NT 10.0; Win64; x64) AppleWebKit/537.36 (KHTML, like Gecko) Chrome/132.0.0.0 Safari/537.36 Edg/132.0.0.0"
49.47.241.86 - - [15/Feb/2025:05:41:39 +0000] "PUT /api/trainer/workingDates/67b0207a1b8b95c61e6f9a95 HTTP/1.1" 200 46 "http://bas.rjpinfotek.com:5174/" "Mozilla/5.0 (Windows NT 10.0; Win64; x64) AppleWebKit/537.36 (KHTML, like Gecko) Chrome/132.0.0.0 Safari/537.36 Edg/132.0.0.0"
49.47.241.86 - - [15/Feb/2025:05:41:40 +0000] "OPTIONS /api/trainer/details/67b0207a1b8b95c61e6f9a95 HTTP/1.1" 204 0 "http://bas.rjpinfotek.com:5174/" "Mozilla/5.0 (Windows NT 10.0; Win64; x64) AppleWebKit/537.36 (KHTML, like Gecko) Chrome/132.0.0.0 Safari/537.36 Edg/132.0.0.0"
49.47.241.86 - - [15/Feb/2025:05:41:40 +0000] "GET /api/trainer/details/67b0207a1b8b95c61e6f9a95 HTTP/1.1" 200 4205 "http://bas.rjpinfotek.com:5174/" "Mozilla/5.0 (Windows NT 10.0; Win64; x64) AppleWebKit/537.36 (KHTML, like Gecko) Chrome/132.0.0.0 Safari/537.36 Edg/132.0.0.0"
49.47.241.86 - - [15/Feb/2025:05:41:40 +0000] "GET /api/trainer/details/67b0207a1b8b95c61e6f9a95 HTTP/1.1" 304 - "http://bas.rjpinfotek.com:5174/" "Mozilla/5.0 (Windows NT 10.0; Win64; x64) AppleWebKit/537.36 (KHTML, like Gecko) Chrome/132.0.0.0 Safari/537.36 Edg/132.0.0.0"
122.165.128.91 - - [15/Feb/2025:05:41:55 +0000] "OPTIONS /api/domains/delete-subdomain HTTP/1.1" 204 0 "http://bas.rjpinfotek.com:5173/" "Mozilla/5.0 (Windows NT 10.0; Win64; x64) AppleWebKit/537.36 (KHTML, like Gecko) Chrome/132.0.0.0 Safari/537.36"
122.165.128.91 - - [15/Feb/2025:05:41:55 +0000] "DELETE /api/domains/delete-subdomain HTTP/1.1" 404 31 "http://bas.rjpinfotek.com:5173/" "Mozilla/5.0 (Windows NT 10.0; Win64; x64) AppleWebKit/537.36 (KHTML, like Gecko) Chrome/132.0.0.0 Safari/537.36"
122.165.128.91 - - [15/Feb/2025:05:42:11 +0000] "OPTIONS /api/project/ongoing/67b020e01b8b95c61e6f9bca HTTP/1.1" 204 0 "http://bas.rjpinfotek.com:5173/" "Mozilla/5.0 (Windows NT 10.0; Win64; x64) AppleWebKit/537.36 (KHTML, like Gecko) Chrome/132.0.0.0 Safari/537.36"
122.165.128.91 - - [15/Feb/2025:05:42:11 +0000] "OPTIONS /api/project/remainders/67b020e01b8b95c61e6f9bca?startDate=2025-02-15 HTTP/1.1" 204 0 "http://bas.rjpinfotek.com:5173/" "Mozilla/5.0 (Windows NT 10.0; Win64; x64) AppleWebKit/537.36 (KHTML, like Gecko) Chrome/132.0.0.0 Safari/537.36"
122.165.128.91 - - [15/Feb/2025:05:42:11 +0000] "OPTIONS /api/project/ongoing/67b020e01b8b95c61e6f9bca HTTP/1.1" 204 0 "http://bas.rjpinfotek.com:5173/" "Mozilla/5.0 (Windows NT 10.0; Win64; x64) AppleWebKit/537.36 (KHTML, like Gecko) Chrome/132.0.0.0 Safari/537.36"
122.165.128.91 - - [15/Feb/2025:05:42:11 +0000] "OPTIONS /api/project/remainders/67b020e01b8b95c61e6f9bca?startDate=2025-02-15 HTTP/1.1" 204 0 "http://bas.rjpinfotek.com:5173/" "Mozilla/5.0 (Windows NT 10.0; Win64; x64) AppleWebKit/537.36 (KHTML, like Gecko) Chrome/132.0.0.0 Safari/537.36"
122.165.128.91 - - [15/Feb/2025:05:42:12 +0000] "GET /api/project/ongoing/67b020e01b8b95c61e6f9bca HTTP/1.1" 304 - "http://bas.rjpinfotek.com:5173/" "Mozilla/5.0 (Windows NT 10.0; Win64; x64) AppleWebKit/537.36 (KHTML, like Gecko) Chrome/132.0.0.0 Safari/537.36"
122.165.128.91 - - [15/Feb/2025:05:42:12 +0000] "GET /api/project/remainders/67b020e01b8b95c61e6f9bca?startDate=2025-02-15 HTTP/1.1" 304 - "http://bas.rjpinfotek.com:5173/" "Mozilla/5.0 (Windows NT 10.0; Win64; x64) AppleWebKit/537.36 (KHTML, like Gecko) Chrome/132.0.0.0 Safari/537.36"
122.165.128.91 - - [15/Feb/2025:05:42:12 +0000] "GET /api/project/remainders/67b020e01b8b95c61e6f9bca?startDate=2025-02-15 HTTP/1.1" 304 - "http://bas.rjpinfotek.com:5173/" "Mozilla/5.0 (Windows NT 10.0; Win64; x64) AppleWebKit/537.36 (KHTML, like Gecko) Chrome/132.0.0.0 Safari/537.36"
122.165.128.91 - - [15/Feb/2025:05:42:12 +0000] "GET /api/project/ongoing/67b020e01b8b95c61e6f9bca HTTP/1.1" 304 - "http://bas.rjpinfotek.com:5173/" "Mozilla/5.0 (Windows NT 10.0; Win64; x64) AppleWebKit/537.36 (KHTML, like Gecko) Chrome/132.0.0.0 Safari/537.36"
122.165.128.91 - - [15/Feb/2025:05:42:17 +0000] "OPTIONS /api/domains HTTP/1.1" 204 0 "http://bas.rjpinfotek.com:5173/" "Mozilla/5.0 (Windows NT 10.0; Win64; x64) AppleWebKit/537.36 (KHTML, like Gecko) Chrome/132.0.0.0 Safari/537.36"
122.165.128.91 - - [15/Feb/2025:05:42:17 +0000] "OPTIONS /api/domains HTTP/1.1" 204 0 "http://bas.rjpinfotek.com:5173/" "Mozilla/5.0 (Windows NT 10.0; Win64; x64) AppleWebKit/537.36 (KHTML, like Gecko) Chrome/132.0.0.0 Safari/537.36"
122.165.128.91 - - [15/Feb/2025:05:42:17 +0000] "GET /api/domains HTTP/1.1" 304 - "http://bas.rjpinfotek.com:5173/" "Mozilla/5.0 (Windows NT 10.0; Win64; x64) AppleWebKit/537.36 (KHTML, like Gecko) Chrome/132.0.0.0 Safari/537.36"
122.165.128.91 - - [15/Feb/2025:05:42:17 +0000] "GET /api/domains HTTP/1.1" 304 - "http://bas.rjpinfotek.com:5173/" "Mozilla/5.0 (Windows NT 10.0; Win64; x64) AppleWebKit/537.36 (KHTML, like Gecko) Chrome/132.0.0.0 Safari/537.36"
10.0.0.4 - - [15/Feb/2025:05:42:19 +0000] "OPTIONS /api/domains HTTP/1.1" 204 0 "http://bas.rjpinfotek.com:5173/" "Mozilla/5.0 (Windows NT 10.0; Win64; x64) AppleWebKit/537.36 (KHTML, like Gecko) Chrome/133.0.0.0 Safari/537.36"
10.0.0.4 - - [15/Feb/2025:05:42:19 +0000] "OPTIONS /api/domains HTTP/1.1" 204 0 "http://bas.rjpinfotek.com:5173/" "Mozilla/5.0 (Windows NT 10.0; Win64; x64) AppleWebKit/537.36 (KHTML, like Gecko) Chrome/133.0.0.0 Safari/537.36"
10.0.0.4 - - [15/Feb/2025:05:42:19 +0000] "GET /api/domains HTTP/1.1" 200 5414 "http://bas.rjpinfotek.com:5173/" "Mozilla/5.0 (Windows NT 10.0; Win64; x64) AppleWebKit/537.36 (KHTML, like Gecko) Chrome/133.0.0.0 Safari/537.36"
10.0.0.4 - - [15/Feb/2025:05:42:19 +0000] "GET /api/domains HTTP/1.1" 304 - "http://bas.rjpinfotek.com:5173/" "Mozilla/5.0 (Windows NT 10.0; Win64; x64) AppleWebKit/537.36 (KHTML, like Gecko) Chrome/133.0.0.0 Safari/537.36"
10.0.0.4 - - [15/Feb/2025:05:42:27 +0000] "OPTIONS /api/domains/delete-subdomain HTTP/1.1" 204 0 "http://bas.rjpinfotek.com:5173/" "Mozilla/5.0 (Windows NT 10.0; Win64; x64) AppleWebKit/537.36 (KHTML, like Gecko) Chrome/133.0.0.0 Safari/537.36"
10.0.0.4 - - [15/Feb/2025:05:42:27 +0000] "DELETE /api/domains/delete-subdomain HTTP/1.1" 200 44 "http://bas.rjpinfotek.com:5173/" "Mozilla/5.0 (Windows NT 10.0; Win64; x64) AppleWebKit/537.36 (KHTML, like Gecko) Chrome/133.0.0.0 Safari/537.36"
10.0.0.4 - - [15/Feb/2025:05:42:28 +0000] "OPTIONS /api/domains HTTP/1.1" 204 0 "http://bas.rjpinfotek.com:5173/" "Mozilla/5.0 (Windows NT 10.0; Win64; x64) AppleWebKit/537.36 (KHTML, like Gecko) Chrome/133.0.0.0 Safari/537.36"
10.0.0.4 - - [15/Feb/2025:05:42:28 +0000] "GET /api/domains HTTP/1.1" 200 5406 "http://bas.rjpinfotek.com:5173/" "Mozilla/5.0 (Windows NT 10.0; Win64; x64) AppleWebKit/537.36 (KHTML, like Gecko) Chrome/133.0.0.0 Safari/537.36"
122.165.128.91 - - [15/Feb/2025:05:42:30 +0000] "OPTIONS /api/domains/delete-subdomain HTTP/1.1" 204 0 "http://bas.rjpinfotek.com:5173/" "Mozilla/5.0 (Windows NT 10.0; Win64; x64) AppleWebKit/537.36 (KHTML, like Gecko) Chrome/132.0.0.0 Safari/537.36"
122.165.128.91 - - [15/Feb/2025:05:42:30 +0000] "DELETE /api/domains/delete-subdomain HTTP/1.1" 404 31 "http://bas.rjpinfotek.com:5173/" "Mozilla/5.0 (Windows NT 10.0; Win64; x64) AppleWebKit/537.36 (KHTML, like Gecko) Chrome/132.0.0.0 Safari/537.36"
49.47.241.86 - - [15/Feb/2025:05:42:34 +0000] "OPTIONS /api/trainer/workingDates/67b0207a1b8b95c61e6f9a95 HTTP/1.1" 204 0 "http://bas.rjpinfotek.com:5174/" "Mozilla/5.0 (Windows NT 10.0; Win64; x64) AppleWebKit/537.36 (KHTML, like Gecko) Chrome/132.0.0.0 Safari/537.36 Edg/132.0.0.0"
49.47.241.86 - - [15/Feb/2025:05:42:34 +0000] "PUT /api/trainer/workingDates/67b0207a1b8b95c61e6f9a95 HTTP/1.1" 200 46 "http://bas.rjpinfotek.com:5174/" "Mozilla/5.0 (Windows NT 10.0; Win64; x64) AppleWebKit/537.36 (KHTML, like Gecko) Chrome/132.0.0.0 Safari/537.36 Edg/132.0.0.0"
49.47.241.86 - - [15/Feb/2025:05:42:34 +0000] "OPTIONS /api/trainer/details/67b0207a1b8b95c61e6f9a95 HTTP/1.1" 204 0 "http://bas.rjpinfotek.com:5174/" "Mozilla/5.0 (Windows NT 10.0; Win64; x64) AppleWebKit/537.36 (KHTML, like Gecko) Chrome/132.0.0.0 Safari/537.36 Edg/132.0.0.0"
49.47.241.86 - - [15/Feb/2025:05:42:34 +0000] "GET /api/trainer/details/67b0207a1b8b95c61e6f9a95 HTTP/1.1" 200 4415 "http://bas.rjpinfotek.com:5174/" "Mozilla/5.0 (Windows NT 10.0; Win64; x64) AppleWebKit/537.36 (KHTML, like Gecko) Chrome/132.0.0.0 Safari/537.36 Edg/132.0.0.0"
10.0.0.4 - - [15/Feb/2025:05:42:35 +0000] "OPTIONS /api/domains HTTP/1.1" 204 0 "http://bas.rjpinfotek.com:5173/" "Mozilla/5.0 (Windows NT 10.0; Win64; x64) AppleWebKit/537.36 (KHTML, like Gecko) Chrome/133.0.0.0 Safari/537.36"
10.0.0.4 - - [15/Feb/2025:05:42:35 +0000] "OPTIONS /api/domains HTTP/1.1" 204 0 "http://bas.rjpinfotek.com:5173/" "Mozilla/5.0 (Windows NT 10.0; Win64; x64) AppleWebKit/537.36 (KHTML, like Gecko) Chrome/133.0.0.0 Safari/537.36"
10.0.0.4 - - [15/Feb/2025:05:42:35 +0000] "GET /api/domains HTTP/1.1" 304 - "http://bas.rjpinfotek.com:5173/" "Mozilla/5.0 (Windows NT 10.0; Win64; x64) AppleWebKit/537.36 (KHTML, like Gecko) Chrome/133.0.0.0 Safari/537.36"
10.0.0.4 - - [15/Feb/2025:05:42:35 +0000] "GET /api/domains HTTP/1.1" 304 - "http://bas.rjpinfotek.com:5173/" "Mozilla/5.0 (Windows NT 10.0; Win64; x64) AppleWebKit/537.36 (KHTML, like Gecko) Chrome/133.0.0.0 Safari/537.36"
49.47.241.86 - - [15/Feb/2025:05:42:35 +0000] "GET /api/trainer/details/67b0207a1b8b95c61e6f9a95 HTTP/1.1" 200 4415 "http://bas.rjpinfotek.com:5174/" "Mozilla/5.0 (Windows NT 10.0; Win64; x64) AppleWebKit/537.36 (KHTML, like Gecko) Chrome/132.0.0.0 Safari/537.36 Edg/132.0.0.0"
122.165.128.91 - - [15/Feb/2025:05:44:02 +0000] "OPTIONS /api/project/create/6777c7bc02a24404c5ed5335 HTTP/1.1" 204 0 "http://bas.rjpinfotek.com:5173/" "Mozilla/5.0 (Windows NT 10.0; Win64; x64) AppleWebKit/537.36 (KHTML, like Gecko) Chrome/133.0.0.0 Safari/537.36 Edg/133.0.0.0"
10.0.0.4 - - [15/Feb/2025:05:44:03 +0000] "OPTIONS /api/domains HTTP/1.1" 204 0 "http://bas.rjpinfotek.com:5173/" "Mozilla/5.0 (Windows NT 10.0; Win64; x64) AppleWebKit/537.36 (KHTML, like Gecko) Chrome/133.0.0.0 Safari/537.36"
10.0.0.4 - - [15/Feb/2025:05:44:03 +0000] "OPTIONS /api/domains HTTP/1.1" 204 0 "http://bas.rjpinfotek.com:5173/" "Mozilla/5.0 (Windows NT 10.0; Win64; x64) AppleWebKit/537.36 (KHTML, like Gecko) Chrome/133.0.0.0 Safari/537.36"
10.0.0.4 - - [15/Feb/2025:05:44:03 +0000] "GET /api/domains HTTP/1.1" 200 5285 "http://bas.rjpinfotek.com:5173/" "Mozilla/5.0 (Windows NT 10.0; Win64; x64) AppleWebKit/537.36 (KHTML, like Gecko) Chrome/133.0.0.0 Safari/537.36"
10.0.0.4 - - [15/Feb/2025:05:44:03 +0000] "GET /api/domains HTTP/1.1" 304 - "http://bas.rjpinfotek.com:5173/" "Mozilla/5.0 (Windows NT 10.0; Win64; x64) AppleWebKit/537.36 (KHTML, like Gecko) Chrome/133.0.0.0 Safari/537.36"
122.165.128.91 - - [15/Feb/2025:05:44:03 +0000] "POST /api/project/create/6777c7bc02a24404c5ed5335 HTTP/1.1" 200 1560 "http://bas.rjpinfotek.com:5173/" "Mozilla/5.0 (Windows NT 10.0; Win64; x64) AppleWebKit/537.36 (KHTML, like Gecko) Chrome/133.0.0.0 Safari/537.36 Edg/133.0.0.0"
122.165.128.91 - - [15/Feb/2025:05:44:03 +0000] "OPTIONS /api/project/get-project/67b029a31b8b95c61e6faac6 HTTP/1.1" 204 0 "http://bas.rjpinfotek.com:5173/" "Mozilla/5.0 (Windows NT 10.0; Win64; x64) AppleWebKit/537.36 (KHTML, like Gecko) Chrome/133.0.0.0 Safari/537.36 Edg/133.0.0.0"
122.165.128.91 - - [15/Feb/2025:05:44:03 +0000] "GET /api/project/get-project/67b029a31b8b95c61e6faac6 HTTP/1.1" 200 1539 "http://bas.rjpinfotek.com:5173/" "Mozilla/5.0 (Windows NT 10.0; Win64; x64) AppleWebKit/537.36 (KHTML, like Gecko) Chrome/133.0.0.0 Safari/537.36 Edg/133.0.0.0"
122.165.128.91 - - [15/Feb/2025:05:44:03 +0000] "OPTIONS /api/project/expense/67b029a31b8b95c61e6faac6 HTTP/1.1" 204 0 "http://bas.rjpinfotek.com:5173/" "Mozilla/5.0 (Windows NT 10.0; Win64; x64) AppleWebKit/537.36 (KHTML, like Gecko) Chrome/133.0.0.0 Safari/537.36 Edg/133.0.0.0"
122.165.128.91 - - [15/Feb/2025:05:44:03 +0000] "OPTIONS /api/project/getChat/67b029a31b8b95c61e6faac6 HTTP/1.1" 204 0 "http://bas.rjpinfotek.com:5173/" "Mozilla/5.0 (Windows NT 10.0; Win64; x64) AppleWebKit/537.36 (KHTML, like Gecko) Chrome/133.0.0.0 Safari/537.36 Edg/133.0.0.0"
122.165.128.91 - - [15/Feb/2025:05:44:03 +0000] "OPTIONS /api/project/getChat/67b029a31b8b95c61e6faac6 HTTP/1.1" 204 0 "http://bas.rjpinfotek.com:5173/" "Mozilla/5.0 (Windows NT 10.0; Win64; x64) AppleWebKit/537.36 (KHTML, like Gecko) Chrome/133.0.0.0 Safari/537.36 Edg/133.0.0.0"
122.165.128.91 - - [15/Feb/2025:05:44:03 +0000] "OPTIONS /api/project/expense/67b029a31b8b95c61e6faac6 HTTP/1.1" 204 0 "http://bas.rjpinfotek.com:5173/" "Mozilla/5.0 (Windows NT 10.0; Win64; x64) AppleWebKit/537.36 (KHTML, like Gecko) Chrome/133.0.0.0 Safari/537.36 Edg/133.0.0.0"
122.165.128.91 - - [15/Feb/2025:05:44:03 +0000] "OPTIONS /api/project/getChat/67b029a31b8b95c61e6faac6 HTTP/1.1" 204 0 "http://bas.rjpinfotek.com:5173/" "Mozilla/5.0 (Windows NT 10.0; Win64; x64) AppleWebKit/537.36 (KHTML, like Gecko) Chrome/133.0.0.0 Safari/537.36 Edg/133.0.0.0"
122.165.128.91 - - [15/Feb/2025:05:44:03 +0000] "GET /api/project/expense/67b029a31b8b95c61e6faac6 HTTP/1.1" 200 2 "http://bas.rjpinfotek.com:5173/" "Mozilla/5.0 (Windows NT 10.0; Win64; x64) AppleWebKit/537.36 (KHTML, like Gecko) Chrome/133.0.0.0 Safari/537.36 Edg/133.0.0.0"
122.165.128.91 - - [15/Feb/2025:05:44:03 +0000] "GET /api/project/getChat/67b029a31b8b95c61e6faac6 HTTP/1.1" 200 12 "http://bas.rjpinfotek.com:5173/" "Mozilla/5.0 (Windows NT 10.0; Win64; x64) AppleWebKit/537.36 (KHTML, like Gecko) Chrome/133.0.0.0 Safari/537.36 Edg/133.0.0.0"
122.165.128.91 - - [15/Feb/2025:05:44:03 +0000] "GET /api/project/expense/67b029a31b8b95c61e6faac6 HTTP/1.1" 304 - "http://bas.rjpinfotek.com:5173/" "Mozilla/5.0 (Windows NT 10.0; Win64; x64) AppleWebKit/537.36 (KHTML, like Gecko) Chrome/133.0.0.0 Safari/537.36 Edg/133.0.0.0"
122.165.128.91 - - [15/Feb/2025:05:44:03 +0000] "GET /api/project/getChat/67b029a31b8b95c61e6faac6 HTTP/1.1" 304 - "http://bas.rjpinfotek.com:5173/" "Mozilla/5.0 (Windows NT 10.0; Win64; x64) AppleWebKit/537.36 (KHTML, like Gecko) Chrome/133.0.0.0 Safari/537.36 Edg/133.0.0.0"
122.165.128.91 - - [15/Feb/2025:05:44:03 +0000] "GET /api/project/getChat/67b029a31b8b95c61e6faac6 HTTP/1.1" 304 - "http://bas.rjpinfotek.com:5173/" "Mozilla/5.0 (Windows NT 10.0; Win64; x64) AppleWebKit/537.36 (KHTML, like Gecko) Chrome/133.0.0.0 Safari/537.36 Edg/133.0.0.0"
122.165.128.91 - - [15/Feb/2025:05:44:21 +0000] "OPTIONS /api/trainer/search/6777c7bc02a24404c5ed5335?domain=Networking&startDate=2025-01-21&endDate=2025-01-23 HTTP/1.1" 204 0 "http://bas.rjpinfotek.com:5173/" "Mozilla/5.0 (Windows NT 10.0; Win64; x64) AppleWebKit/537.36 (KHTML, like Gecko) Chrome/133.0.0.0 Safari/537.36 Edg/133.0.0.0"
122.165.128.91 - - [15/Feb/2025:05:44:21 +0000] "GET /api/trainer/search/6777c7bc02a24404c5ed5335?domain=Networking&startDate=2025-01-21&endDate=2025-01-23 HTTP/1.1" 200 2 "http://bas.rjpinfotek.com:5173/" "Mozilla/5.0 (Windows NT 10.0; Win64; x64) AppleWebKit/537.36 (KHTML, like Gecko) Chrome/133.0.0.0 Safari/537.36 Edg/133.0.0.0"
49.47.241.86 - - [15/Feb/2025:05:44:27 +0000] "OPTIONS /api/trainer/resume/:id HTTP/1.1" 204 0 "http://bas.rjpinfotek.com:5174/" "Mozilla/5.0 (Windows NT 10.0; Win64; x64) AppleWebKit/537.36 (KHTML, like Gecko) Chrome/132.0.0.0 Safari/537.36 Edg/132.0.0.0"
49.47.241.86 - - [15/Feb/2025:05:44:27 +0000] "OPTIONS /api/trainer/resume/67b026971b8b95c61e6fa4a6 HTTP/1.1" 204 0 "http://bas.rjpinfotek.com:5174/" "Mozilla/5.0 (Windows NT 10.0; Win64; x64) AppleWebKit/537.36 (KHTML, like Gecko) Chrome/132.0.0.0 Safari/537.36 Edg/132.0.0.0"
49.47.241.86 - - [15/Feb/2025:05:44:27 +0000] "GET /api/trainer/resume/:id HTTP/1.1" 404 30 "http://bas.rjpinfotek.com:5174/" "Mozilla/5.0 (Windows NT 10.0; Win64; x64) AppleWebKit/537.36 (KHTML, like Gecko) Chrome/132.0.0.0 Safari/537.36 Edg/132.0.0.0"
49.47.241.86 - - [15/Feb/2025:05:44:27 +0000] "GET /api/trainer/resume/67b026971b8b95c61e6fa4a6 HTTP/1.1" 304 - "http://bas.rjpinfotek.com:5174/" "Mozilla/5.0 (Windows NT 10.0; Win64; x64) AppleWebKit/537.36 (KHTML, like Gecko) Chrome/132.0.0.0 Safari/537.36 Edg/132.0.0.0"
10.0.0.4 - - [15/Feb/2025:05:44:36 +0000] "OPTIONS /api/domains HTTP/1.1" 204 0 "http://bas.rjpinfotek.com:5173/" "Mozilla/5.0 (Windows NT 10.0; Win64; x64) AppleWebKit/537.36 (KHTML, like Gecko) Chrome/133.0.0.0 Safari/537.36"
10.0.0.4 - - [15/Feb/2025:05:44:36 +0000] "OPTIONS /api/domains HTTP/1.1" 204 0 "http://bas.rjpinfotek.com:5173/" "Mozilla/5.0 (Windows NT 10.0; Win64; x64) AppleWebKit/537.36 (KHTML, like Gecko) Chrome/133.0.0.0 Safari/537.36"
10.0.0.4 - - [15/Feb/2025:05:44:36 +0000] "GET /api/domains HTTP/1.1" 304 - "http://bas.rjpinfotek.com:5173/" "Mozilla/5.0 (Windows NT 10.0; Win64; x64) AppleWebKit/537.36 (KHTML, like Gecko) Chrome/133.0.0.0 Safari/537.36"
10.0.0.4 - - [15/Feb/2025:05:44:36 +0000] "GET /api/domains HTTP/1.1" 304 - "http://bas.rjpinfotek.com:5173/" "Mozilla/5.0 (Windows NT 10.0; Win64; x64) AppleWebKit/537.36 (KHTML, like Gecko) Chrome/133.0.0.0 Safari/537.36"
10.0.0.4 - - [15/Feb/2025:05:44:57 +0000] "OPTIONS /api/company/company HTTP/1.1" 204 0 "http://bas.rjpinfotek.com:5173/" "Mozilla/5.0 (Windows NT 10.0; Win64; x64) AppleWebKit/537.36 (KHTML, like Gecko) Chrome/133.0.0.0 Safari/537.36"
10.0.0.4 - - [15/Feb/2025:05:44:57 +0000] "GET /api/company/company HTTP/1.1" 200 5467 "http://bas.rjpinfotek.com:5173/" "Mozilla/5.0 (Windows NT 10.0; Win64; x64) AppleWebKit/537.36 (KHTML, like Gecko) Chrome/133.0.0.0 Safari/537.36"
10.0.0.4 - - [15/Feb/2025:05:45:07 +0000] "OPTIONS /api/company/company HTTP/1.1" 204 0 "http://bas.rjpinfotek.com:5173/" "Mozilla/5.0 (Windows NT 10.0; Win64; x64) AppleWebKit/537.36 (KHTML, like Gecko) Chrome/133.0.0.0 Safari/537.36"
10.0.0.4 - - [15/Feb/2025:05:45:07 +0000] "GET /api/company/company HTTP/1.1" 304 - "http://bas.rjpinfotek.com:5173/" "Mozilla/5.0 (Windows NT 10.0; Win64; x64) AppleWebKit/537.36 (KHTML, like Gecko) Chrome/133.0.0.0 Safari/537.36"
10.0.0.4 - - [15/Feb/2025:05:45:34 +0000] "OPTIONS /api/domains HTTP/1.1" 204 0 "http://bas.rjpinfotek.com:5173/" "Mozilla/5.0 (Windows NT 10.0; Win64; x64) AppleWebKit/537.36 (KHTML, like Gecko) Chrome/133.0.0.0 Safari/537.36"
10.0.0.4 - - [15/Feb/2025:05:45:34 +0000] "OPTIONS /api/domains HTTP/1.1" 204 0 "http://bas.rjpinfotek.com:5173/" "Mozilla/5.0 (Windows NT 10.0; Win64; x64) AppleWebKit/537.36 (KHTML, like Gecko) Chrome/133.0.0.0 Safari/537.36"
10.0.0.4 - - [15/Feb/2025:05:45:34 +0000] "GET /api/domains HTTP/1.1" 304 - "http://bas.rjpinfotek.com:5173/" "Mozilla/5.0 (Windows NT 10.0; Win64; x64) AppleWebKit/537.36 (KHTML, like Gecko) Chrome/133.0.0.0 Safari/537.36"
10.0.0.4 - - [15/Feb/2025:05:45:34 +0000] "GET /api/domains HTTP/1.1" 304 - "http://bas.rjpinfotek.com:5173/" "Mozilla/5.0 (Windows NT 10.0; Win64; x64) AppleWebKit/537.36 (KHTML, like Gecko) Chrome/133.0.0.0 Safari/537.36"
122.165.128.91 - - [15/Feb/2025:05:45:47 +0000] "OPTIONS /api/domains HTTP/1.1" 204 0 "http://bas.rjpinfotek.com:5173/" "Mozilla/5.0 (Windows NT 10.0; Win64; x64) AppleWebKit/537.36 (KHTML, like Gecko) Chrome/132.0.0.0 Safari/537.36"
122.165.128.91 - - [15/Feb/2025:05:45:47 +0000] "OPTIONS /api/domains HTTP/1.1" 204 0 "http://bas.rjpinfotek.com:5173/" "Mozilla/5.0 (Windows NT 10.0; Win64; x64) AppleWebKit/537.36 (KHTML, like Gecko) Chrome/132.0.0.0 Safari/537.36"
122.165.128.91 - - [15/Feb/2025:05:45:47 +0000] "GET /api/domains HTTP/1.1" 200 5285 "http://bas.rjpinfotek.com:5173/" "Mozilla/5.0 (Windows NT 10.0; Win64; x64) AppleWebKit/537.36 (KHTML, like Gecko) Chrome/132.0.0.0 Safari/537.36"
122.165.128.91 - - [15/Feb/2025:05:45:47 +0000] "GET /api/domains HTTP/1.1" 304 - "http://bas.rjpinfotek.com:5173/" "Mozilla/5.0 (Windows NT 10.0; Win64; x64) AppleWebKit/537.36 (KHTML, like Gecko) Chrome/132.0.0.0 Safari/537.36"
122.165.128.91 - - [15/Feb/2025:05:45:59 +0000] "OPTIONS /api/domains/delete-subdomain HTTP/1.1" 204 0 "http://bas.rjpinfotek.com:5173/" "Mozilla/5.0 (Windows NT 10.0; Win64; x64) AppleWebKit/537.36 (KHTML, like Gecko) Chrome/132.0.0.0 Safari/537.36"
122.165.128.91 - - [15/Feb/2025:05:45:59 +0000] "DELETE /api/domains/delete-subdomain HTTP/1.1" 200 44 "http://bas.rjpinfotek.com:5173/" "Mozilla/5.0 (Windows NT 10.0; Win64; x64) AppleWebKit/537.36 (KHTML, like Gecko) Chrome/132.0.0.0 Safari/537.36"
122.165.128.91 - - [15/Feb/2025:05:45:59 +0000] "DELETE /api/domains/delete-subdomain HTTP/1.1" 404 31 "http://bas.rjpinfotek.com:5173/" "Mozilla/5.0 (Windows NT 10.0; Win64; x64) AppleWebKit/537.36 (KHTML, like Gecko) Chrome/132.0.0.0 Safari/537.36"
122.165.128.91 - - [15/Feb/2025:05:46:03 +0000] "OPTIONS /api/domains HTTP/1.1" 204 0 "http://bas.rjpinfotek.com:5173/" "Mozilla/5.0 (Windows NT 10.0; Win64; x64) AppleWebKit/537.36 (KHTML, like Gecko) Chrome/132.0.0.0 Safari/537.36"
122.165.128.91 - - [15/Feb/2025:05:46:03 +0000] "GET /api/domains HTTP/1.1" 200 5277 "http://bas.rjpinfotek.com:5173/" "Mozilla/5.0 (Windows NT 10.0; Win64; x64) AppleWebKit/537.36 (KHTML, like Gecko) Chrome/132.0.0.0 Safari/537.36"
49.47.241.86 - - [15/Feb/2025:05:46:24 +0000] "OPTIONS /api/trainer/resume/:id HTTP/1.1" 204 0 "http://bas.rjpinfotek.com:5174/" "Mozilla/5.0 (Windows NT 10.0; Win64; x64) AppleWebKit/537.36 (KHTML, like Gecko) Chrome/132.0.0.0 Safari/537.36 Edg/132.0.0.0"
49.47.241.86 - - [15/Feb/2025:05:46:24 +0000] "OPTIONS /api/trainer/resume/67b026971b8b95c61e6fa4a6 HTTP/1.1" 204 0 "http://bas.rjpinfotek.com:5174/" "Mozilla/5.0 (Windows NT 10.0; Win64; x64) AppleWebKit/537.36 (KHTML, like Gecko) Chrome/132.0.0.0 Safari/537.36 Edg/132.0.0.0"
49.47.241.86 - - [15/Feb/2025:05:46:24 +0000] "GET /api/trainer/resume/:id HTTP/1.1" 404 30 "http://bas.rjpinfotek.com:5174/" "Mozilla/5.0 (Windows NT 10.0; Win64; x64) AppleWebKit/537.36 (KHTML, like Gecko) Chrome/132.0.0.0 Safari/537.36 Edg/132.0.0.0"
49.47.241.86 - - [15/Feb/2025:05:46:24 +0000] "GET /api/trainer/resume/67b026971b8b95c61e6fa4a6 HTTP/1.1" 304 - "http://bas.rjpinfotek.com:5174/" "Mozilla/5.0 (Windows NT 10.0; Win64; x64) AppleWebKit/537.36 (KHTML, like Gecko) Chrome/132.0.0.0 Safari/537.36 Edg/132.0.0.0"
122.165.128.91 - - [15/Feb/2025:05:46:30 +0000] "OPTIONS /api/domains/add-subdomain HTTP/1.1" 204 0 "http://bas.rjpinfotek.com:5173/" "Mozilla/5.0 (Windows NT 10.0; Win64; x64) AppleWebKit/537.36 (KHTML, like Gecko) Chrome/132.0.0.0 Safari/537.36"
122.165.128.91 - - [15/Feb/2025:05:46:30 +0000] "PUT /api/domains/add-subdomain HTTP/1.1" 200 43 "http://bas.rjpinfotek.com:5173/" "Mozilla/5.0 (Windows NT 10.0; Win64; x64) AppleWebKit/537.36 (KHTML, like Gecko) Chrome/132.0.0.0 Safari/537.36"
49.47.241.86 - - [15/Feb/2025:05:46:31 +0000] "OPTIONS /api/trainer/workingDates/67b0207a1b8b95c61e6f9a95 HTTP/1.1" 204 0 "http://bas.rjpinfotek.com:5174/" "Mozilla/5.0 (Windows NT 10.0; Win64; x64) AppleWebKit/537.36 (KHTML, like Gecko) Chrome/132.0.0.0 Safari/537.36 Edg/132.0.0.0"
49.47.241.86 - - [15/Feb/2025:05:46:31 +0000] "DELETE /api/trainer/workingDates/67b0207a1b8b95c61e6f9a95 HTTP/1.1" 200 40 "http://bas.rjpinfotek.com:5174/" "Mozilla/5.0 (Windows NT 10.0; Win64; x64) AppleWebKit/537.36 (KHTML, like Gecko) Chrome/132.0.0.0 Safari/537.36 Edg/132.0.0.0"
49.47.241.86 - - [15/Feb/2025:05:46:31 +0000] "OPTIONS /api/trainer/details/67b0207a1b8b95c61e6f9a95 HTTP/1.1" 204 0 "http://bas.rjpinfotek.com:5174/" "Mozilla/5.0 (Windows NT 10.0; Win64; x64) AppleWebKit/537.36 (KHTML, like Gecko) Chrome/132.0.0.0 Safari/537.36 Edg/132.0.0.0"
49.47.241.86 - - [15/Feb/2025:05:46:31 +0000] "GET /api/trainer/details/67b0207a1b8b95c61e6f9a95 HTTP/1.1" 200 4205 "http://bas.rjpinfotek.com:5174/" "Mozilla/5.0 (Windows NT 10.0; Win64; x64) AppleWebKit/537.36 (KHTML, like Gecko) Chrome/132.0.0.0 Safari/537.36 Edg/132.0.0.0"
122.165.128.91 - - [15/Feb/2025:05:46:36 +0000] "OPTIONS /api/domains HTTP/1.1" 204 0 "http://bas.rjpinfotek.com:5173/" "Mozilla/5.0 (Windows NT 10.0; Win64; x64) AppleWebKit/537.36 (KHTML, like Gecko) Chrome/132.0.0.0 Safari/537.36"
122.165.128.91 - - [15/Feb/2025:05:46:36 +0000] "GET /api/domains HTTP/1.1" 200 5285 "http://bas.rjpinfotek.com:5173/" "Mozilla/5.0 (Windows NT 10.0; Win64; x64) AppleWebKit/537.36 (KHTML, like Gecko) Chrome/132.0.0.0 Safari/537.36"
122.165.128.91 - - [15/Feb/2025:05:46:40 +0000] "OPTIONS /api/trainersourcer/getTrainer/6777c7bc02a24404c5ed5335?page=1&limit=10&search= HTTP/1.1" 204 0 "http://bas.rjpinfotek.com:5173/" "Mozilla/5.0 (Windows NT 10.0; Win64; x64) AppleWebKit/537.36 (KHTML, like Gecko) Chrome/133.0.0.0 Safari/537.36 Edg/133.0.0.0"
122.165.128.91 - - [15/Feb/2025:05:46:40 +0000] "GET /api/trainersourcer/getTrainer/6777c7bc02a24404c5ed5335?page=1&limit=10&search= HTTP/1.1" 201 5363 "http://bas.rjpinfotek.com:5173/" "Mozilla/5.0 (Windows NT 10.0; Win64; x64) AppleWebKit/537.36 (KHTML, like Gecko) Chrome/133.0.0.0 Safari/537.36 Edg/133.0.0.0"
122.165.128.91 - - [15/Feb/2025:05:46:42 +0000] "OPTIONS /api/domains HTTP/1.1" 204 0 "http://bas.rjpinfotek.com:5173/" "Mozilla/5.0 (Windows NT 10.0; Win64; x64) AppleWebKit/537.36 (KHTML, like Gecko) Chrome/132.0.0.0 Safari/537.36"
122.165.128.91 - - [15/Feb/2025:05:46:42 +0000] "OPTIONS /api/domains HTTP/1.1" 204 0 "http://bas.rjpinfotek.com:5173/" "Mozilla/5.0 (Windows NT 10.0; Win64; x64) AppleWebKit/537.36 (KHTML, like Gecko) Chrome/132.0.0.0 Safari/537.36"
122.165.128.91 - - [15/Feb/2025:05:46:42 +0000] "GET /api/domains HTTP/1.1" 200 5285 "http://bas.rjpinfotek.com:5173/" "Mozilla/5.0 (Windows NT 10.0; Win64; x64) AppleWebKit/537.36 (KHTML, like Gecko) Chrome/132.0.0.0 Safari/537.36"
122.165.128.91 - - [15/Feb/2025:05:46:42 +0000] "GET /api/domains HTTP/1.1" 304 - "http://bas.rjpinfotek.com:5173/" "Mozilla/5.0 (Windows NT 10.0; Win64; x64) AppleWebKit/537.36 (KHTML, like Gecko) Chrome/132.0.0.0 Safari/537.36"
122.165.128.91 - - [15/Feb/2025:05:46:52 +0000] "OPTIONS /api/trainer/details/emp/678b748972af55a2f31d3729 HTTP/1.1" 204 0 "http://bas.rjpinfotek.com:5173/" "Mozilla/5.0 (Windows NT 10.0; Win64; x64) AppleWebKit/537.36 (KHTML, like Gecko) Chrome/133.0.0.0 Safari/537.36 Edg/133.0.0.0"
122.165.128.91 - - [15/Feb/2025:05:46:52 +0000] "GET /api/trainer/details/emp/678b748972af55a2f31d3729 HTTP/1.1" 200 3592 "http://bas.rjpinfotek.com:5173/" "Mozilla/5.0 (Windows NT 10.0; Win64; x64) AppleWebKit/537.36 (KHTML, like Gecko) Chrome/133.0.0.0 Safari/537.36 Edg/133.0.0.0"
122.165.128.91 - - [15/Feb/2025:05:46:56 +0000] "OPTIONS /api/domains HTTP/1.1" 204 0 "http://bas.rjpinfotek.com:5173/" "Mozilla/5.0 (Windows NT 10.0; Win64; x64) AppleWebKit/537.36 (KHTML, like Gecko) Chrome/133.0.0.0 Safari/537.36 Edg/133.0.0.0"
122.165.128.91 - - [15/Feb/2025:05:46:56 +0000] "OPTIONS /api/domains HTTP/1.1" 204 0 "http://bas.rjpinfotek.com:5173/" "Mozilla/5.0 (Windows NT 10.0; Win64; x64) AppleWebKit/537.36 (KHTML, like Gecko) Chrome/133.0.0.0 Safari/537.36 Edg/133.0.0.0"
122.165.128.91 - - [15/Feb/2025:05:46:56 +0000] "GET /api/domains HTTP/1.1" 200 5285 "http://bas.rjpinfotek.com:5173/" "Mozilla/5.0 (Windows NT 10.0; Win64; x64) AppleWebKit/537.36 (KHTML, like Gecko) Chrome/133.0.0.0 Safari/537.36 Edg/133.0.0.0"
122.165.128.91 - - [15/Feb/2025:05:46:56 +0000] "GET /api/domains HTTP/1.1" 304 - "http://bas.rjpinfotek.com:5173/" "Mozilla/5.0 (Windows NT 10.0; Win64; x64) AppleWebKit/537.36 (KHTML, like Gecko) Chrome/133.0.0.0 Safari/537.36 Edg/133.0.0.0"
122.165.128.91 - - [15/Feb/2025:05:47:53 +0000] "OPTIONS /api/project/updateStage/67b029a31b8b95c61e6faac6 HTTP/1.1" 204 0 "http://bas.rjpinfotek.com:5173/" "Mozilla/5.0 (Windows NT 10.0; Win64; x64) AppleWebKit/537.36 (KHTML, like Gecko) Chrome/133.0.0.0 Safari/537.36 Edg/133.0.0.0"
122.165.128.91 - - [15/Feb/2025:05:47:53 +0000] "PUT /api/project/updateStage/67b029a31b8b95c61e6faac6 HTTP/1.1" 200 1555 "http://bas.rjpinfotek.com:5173/" "Mozilla/5.0 (Windows NT 10.0; Win64; x64) AppleWebKit/537.36 (KHTML, like Gecko) Chrome/133.0.0.0 Safari/537.36 Edg/133.0.0.0"
122.165.128.91 - - [15/Feb/2025:05:47:53 +0000] "OPTIONS /api/project/get-project/67b029a31b8b95c61e6faac6 HTTP/1.1" 204 0 "http://bas.rjpinfotek.com:5173/" "Mozilla/5.0 (Windows NT 10.0; Win64; x64) AppleWebKit/537.36 (KHTML, like Gecko) Chrome/133.0.0.0 Safari/537.36 Edg/133.0.0.0"
122.165.128.91 - - [15/Feb/2025:05:47:53 +0000] "GET /api/project/get-project/67b029a31b8b95c61e6faac6 HTTP/1.1" 200 1535 "http://bas.rjpinfotek.com:5173/" "Mozilla/5.0 (Windows NT 10.0; Win64; x64) AppleWebKit/537.36 (KHTML, like Gecko) Chrome/133.0.0.0 Safari/537.36 Edg/133.0.0.0"
122.165.128.91 - - [15/Feb/2025:05:48:14 +0000] "OPTIONS /api/domains/add-subdomain HTTP/1.1" 204 0 "http://bas.rjpinfotek.com:5173/" "Mozilla/5.0 (Windows NT 10.0; Win64; x64) AppleWebKit/537.36 (KHTML, like Gecko) Chrome/132.0.0.0 Safari/537.36"
122.165.128.91 - - [15/Feb/2025:05:48:14 +0000] "PUT /api/domains/add-subdomain HTTP/1.1" 200 43 "http://bas.rjpinfotek.com:5173/" "Mozilla/5.0 (Windows NT 10.0; Win64; x64) AppleWebKit/537.36 (KHTML, like Gecko) Chrome/132.0.0.0 Safari/537.36"
122.165.128.91 - - [15/Feb/2025:05:48:17 +0000] "OPTIONS /api/domains HTTP/1.1" 204 0 "http://bas.rjpinfotek.com:5173/" "Mozilla/5.0 (Windows NT 10.0; Win64; x64) AppleWebKit/537.36 (KHTML, like Gecko) Chrome/132.0.0.0 Safari/537.36"
122.165.128.91 - - [15/Feb/2025:05:48:17 +0000] "GET /api/domains HTTP/1.1" 200 5321 "http://bas.rjpinfotek.com:5173/" "Mozilla/5.0 (Windows NT 10.0; Win64; x64) AppleWebKit/537.36 (KHTML, like Gecko) Chrome/132.0.0.0 Safari/537.36"
49.47.241.86 - - [15/Feb/2025:05:49:00 +0000] "OPTIONS /api/trainer/signout HTTP/1.1" 204 0 "http://bas.rjpinfotek.com:5174/" "Mozilla/5.0 (Windows NT 10.0; Win64; x64) AppleWebKit/537.36 (KHTML, like Gecko) Chrome/132.0.0.0 Safari/537.36 Edg/132.0.0.0"
49.47.241.86 - - [15/Feb/2025:05:49:00 +0000] "GET /api/trainer/signout HTTP/1.1" 200 18 "http://bas.rjpinfotek.com:5174/" "Mozilla/5.0 (Windows NT 10.0; Win64; x64) AppleWebKit/537.36 (KHTML, like Gecko) Chrome/132.0.0.0 Safari/537.36 Edg/132.0.0.0"
10.0.0.4 - - [15/Feb/2025:05:49:06 +0000] "OPTIONS /api/domains HTTP/1.1" 204 0 "http://bas.rjpinfotek.com:5173/" "Mozilla/5.0 (Windows NT 10.0; Win64; x64) AppleWebKit/537.36 (KHTML, like Gecko) Chrome/133.0.0.0 Safari/537.36"
10.0.0.4 - - [15/Feb/2025:05:49:06 +0000] "OPTIONS /api/domains HTTP/1.1" 204 0 "http://bas.rjpinfotek.com:5173/" "Mozilla/5.0 (Windows NT 10.0; Win64; x64) AppleWebKit/537.36 (KHTML, like Gecko) Chrome/133.0.0.0 Safari/537.36"
10.0.0.4 - - [15/Feb/2025:05:49:06 +0000] "GET /api/domains HTTP/1.1" 200 5321 "http://bas.rjpinfotek.com:5173/" "Mozilla/5.0 (Windows NT 10.0; Win64; x64) AppleWebKit/537.36 (KHTML, like Gecko) Chrome/133.0.0.0 Safari/537.36"
10.0.0.4 - - [15/Feb/2025:05:49:06 +0000] "GET /api/domains HTTP/1.1" 304 - "http://bas.rjpinfotek.com:5173/" "Mozilla/5.0 (Windows NT 10.0; Win64; x64) AppleWebKit/537.36 (KHTML, like Gecko) Chrome/133.0.0.0 Safari/537.36"
122.165.128.91 - - [15/Feb/2025:05:49:06 +0000] "OPTIONS /api/domains/add-subdomain HTTP/1.1" 204 0 "http://bas.rjpinfotek.com:5173/" "Mozilla/5.0 (Windows NT 10.0; Win64; x64) AppleWebKit/537.36 (KHTML, like Gecko) Chrome/132.0.0.0 Safari/537.36"
122.165.128.91 - - [15/Feb/2025:05:49:06 +0000] "PUT /api/domains/add-subdomain HTTP/1.1" 200 43 "http://bas.rjpinfotek.com:5173/" "Mozilla/5.0 (Windows NT 10.0; Win64; x64) AppleWebKit/537.36 (KHTML, like Gecko) Chrome/132.0.0.0 Safari/537.36"
