10.0.0.4 - - [06/Jan/2025:06:44:21 +0000] "POST /api/project/addChat/676ac3acbd9a5e85782142c4 HTTP/1.1" 200 32 "http://localhost:5173/" "Mozilla/5.0 (Windows NT 10.0; Win64; x64) AppleWebKit/537.36 (KHTML, like Gecko) Chrome/131.0.0.0 Safari/537.36"
10.0.0.4 - - [06/Jan/2025:06:44:21 +0000] "OPTIONS /api/project/getChat/676ac3acbd9a5e85782142c4 HTTP/1.1" 204 0 "http://localhost:5173/" "Mozilla/5.0 (Windows NT 10.0; Win64; x64) AppleWebKit/537.36 (KHTML, like Gecko) Chrome/131.0.0.0 Safari/537.36"
10.0.0.4 - - [06/Jan/2025:06:44:22 +0000] "GET /api/project/getChat/676ac3acbd9a5e85782142c4 HTTP/1.1" 200 399 "http://localhost:5173/" "Mozilla/5.0 (Windows NT 10.0; Win64; x64) AppleWebKit/537.36 (KHTML, like Gecko) Chrome/131.0.0.0 Safari/537.36"
10.0.0.4 - - [06/Jan/2025:06:44:58 +0000] "OPTIONS /api/project/getChat/676ac3acbd9a5e85782142c4 HTTP/1.1" 204 0 "http://localhost:5173/" "Mozilla/5.0 (Windows NT 10.0; Win64; x64) AppleWebKit/537.36 (KHTML, like Gecko) Chrome/131.0.0.0 Safari/537.36"
10.0.0.4 - - [06/Jan/2025:06:44:58 +0000] "GET /api/project/getChat/676ac3acbd9a5e85782142c4 HTTP/1.1" 304 - "http://localhost:5173/" "Mozilla/5.0 (Windows NT 10.0; Win64; x64) AppleWebKit/537.36 (KHTML, like Gecko) Chrome/131.0.0.0 Safari/537.36"
10.0.0.4 - - [06/Jan/2025:06:45:03 +0000] "OPTIONS /api/project/addChat/676ac3acbd9a5e85782142c4 HTTP/1.1" 204 0 "http://localhost:5173/" "Mozilla/5.0 (Windows NT 10.0; Win64; x64) AppleWebKit/537.36 (KHTML, like Gecko) Chrome/131.0.0.0 Safari/537.36"
10.0.0.4 - - [06/Jan/2025:06:45:03 +0000] "POST /api/project/addChat/676ac3acbd9a5e85782142c4 HTTP/1.1" 200 32 "http://localhost:5173/" "Mozilla/5.0 (Windows NT 10.0; Win64; x64) AppleWebKit/537.36 (KHTML, like Gecko) Chrome/131.0.0.0 Safari/537.36"
10.0.0.4 - - [06/Jan/2025:06:45:03 +0000] "OPTIONS /api/project/getChat/676ac3acbd9a5e85782142c4 HTTP/1.1" 204 0 "http://localhost:5173/" "Mozilla/5.0 (Windows NT 10.0; Win64; x64) AppleWebKit/537.36 (KHTML, like Gecko) Chrome/131.0.0.0 Safari/537.36"
10.0.0.4 - - [06/Jan/2025:06:45:03 +0000] "GET /api/project/getChat/676ac3acbd9a5e85782142c4 HTTP/1.1" 200 587 "http://localhost:5173/" "Mozilla/5.0 (Windows NT 10.0; Win64; x64) AppleWebKit/537.36 (KHTML, like Gecko) Chrome/131.0.0.0 Safari/537.36"
10.0.0.4 - - [06/Jan/2025:06:45:15 +0000] "OPTIONS /api/project/getChat/676ac3acbd9a5e85782142c4 HTTP/1.1" 204 0 "http://localhost:5173/" "Mozilla/5.0 (Windows NT 10.0; Win64; x64) AppleWebKit/537.36 (KHTML, like Gecko) Chrome/131.0.0.0 Safari/537.36"
10.0.0.4 - - [06/Jan/2025:06:45:15 +0000] "GET /api/project/getChat/676ac3acbd9a5e85782142c4 HTTP/1.1" 304 - "http://localhost:5173/" "Mozilla/5.0 (Windows NT 10.0; Win64; x64) AppleWebKit/537.36 (KHTML, like Gecko) Chrome/131.0.0.0 Safari/537.36"
10.0.0.4 - - [06/Jan/2025:06:45:19 +0000] "OPTIONS /api/project/addChat/676ac3acbd9a5e85782142c4 HTTP/1.1" 204 0 "http://localhost:5173/" "Mozilla/5.0 (Windows NT 10.0; Win64; x64) AppleWebKit/537.36 (KHTML, like Gecko) Chrome/131.0.0.0 Safari/537.36"
10.0.0.4 - - [06/Jan/2025:06:45:19 +0000] "POST /api/project/addChat/676ac3acbd9a5e85782142c4 HTTP/1.1" 200 32 "http://localhost:5173/" "Mozilla/5.0 (Windows NT 10.0; Win64; x64) AppleWebKit/537.36 (KHTML, like Gecko) Chrome/131.0.0.0 Safari/537.36"
10.0.0.4 - - [06/Jan/2025:06:45:20 +0000] "GET /api/project/getChat/676ac3acbd9a5e85782142c4 HTTP/1.1" 200 777 "http://localhost:5173/" "Mozilla/5.0 (Windows NT 10.0; Win64; x64) AppleWebKit/537.36 (KHTML, like Gecko) Chrome/131.0.0.0 Safari/537.36"
10.0.0.4 - - [06/Jan/2025:06:45:20 +0000] "GET /api/project/getChat/676ac3acbd9a5e85782142c4 HTTP/1.1" 304 - "http://localhost:5173/" "Mozilla/5.0 (Windows NT 10.0; Win64; x64) AppleWebKit/537.36 (KHTML, like Gecko) Chrome/131.0.0.0 Safari/537.36"
10.0.0.4 - - [06/Jan/2025:06:45:30 +0000] "OPTIONS /api/employee/signout HTTP/1.1" 204 0 "http://localhost:5173/" "Mozilla/5.0 (Windows NT 10.0; Win64; x64) AppleWebKit/537.36 (KHTML, like Gecko) Chrome/131.0.0.0 Safari/537.36"
10.0.0.4 - - [06/Jan/2025:06:45:30 +0000] "GET /api/employee/signout HTTP/1.1" 304 - "http://localhost:5173/" "Mozilla/5.0 (Windows NT 10.0; Win64; x64) AppleWebKit/537.36 (KHTML, like Gecko) Chrome/131.0.0.0 Safari/537.36"
10.0.0.4 - - [06/Jan/2025:06:46:26 +0000] "OPTIONS /api/employee/login HTTP/1.1" 204 0 "http://localhost:5173/" "Mozilla/5.0 (Windows NT 10.0; Win64; x64) AppleWebKit/537.36 (KHTML, like Gecko) Chrome/131.0.0.0 Safari/537.36"
10.0.0.4 - - [06/Jan/2025:06:46:26 +0000] "POST /api/employee/login HTTP/1.1" 200 1697 "http://localhost:5173/" "Mozilla/5.0 (Windows NT 10.0; Win64; x64) AppleWebKit/537.36 (KHTML, like Gecko) Chrome/131.0.0.0 Safari/537.36"
10.0.0.4 - - [06/Jan/2025:06:46:26 +0000] "OPTIONS /api/project/remainders/670f7196c82ddd3276d0bcef?startDate=2025-01-06 HTTP/1.1" 204 0 "http://localhost:5173/" "Mozilla/5.0 (Windows NT 10.0; Win64; x64) AppleWebKit/537.36 (KHTML, like Gecko) Chrome/131.0.0.0 Safari/537.36"
10.0.0.4 - - [06/Jan/2025:06:46:26 +0000] "GET /api/employee/getkeyAccounts HTTP/1.1" - - "http://localhost:5173/" "Mozilla/5.0 (Windows NT 10.0; Win64; x64) AppleWebKit/537.36 (KHTML, like Gecko) Chrome/131.0.0.0 Safari/537.36"
10.0.0.4 - - [06/Jan/2025:06:46:26 +0000] "GET /api/project/remainders/670f7196c82ddd3276d0bcef?startDate=2025-01-06 HTTP/1.1" - - "http://localhost:5173/" "Mozilla/5.0 (Windows NT 10.0; Win64; x64) AppleWebKit/537.36 (KHTML, like Gecko) Chrome/131.0.0.0 Safari/537.36"
10.0.0.4 - - [06/Jan/2025:06:46:27 +0000] "GET /api/project/remainders/670f7196c82ddd3276d0bcef?startDate=2025-01-06 HTTP/1.1" 200 1028 "http://localhost:5173/" "Mozilla/5.0 (Windows NT 10.0; Win64; x64) AppleWebKit/537.36 (KHTML, like Gecko) Chrome/131.0.0.0 Safari/537.36"
10.0.0.4 - - [06/Jan/2025:06:46:27 +0000] "GET /api/project/remainders/670f7196c82ddd3276d0bcef?startDate=2025-01-06 HTTP/1.1" 304 - "http://localhost:5173/" "Mozilla/5.0 (Windows NT 10.0; Win64; x64) AppleWebKit/537.36 (KHTML, like Gecko) Chrome/131.0.0.0 Safari/537.36"
10.0.0.4 - - [06/Jan/2025:06:48:42 +0000] "OPTIONS /api/project/6776241d87bfcc480e5f5b31/trainer/675d9a430a2131e816e11af9 HTTP/1.1" 204 0 "http://localhost:5174/" "Mozilla/5.0 (Windows NT 10.0; Win64; x64) AppleWebKit/537.36 (KHTML, like Gecko) Chrome/131.0.0.0 Safari/537.36"
10.0.0.4 - - [06/Jan/2025:06:48:42 +0000] "GET /api/project/6776241d87bfcc480e5f5b31/trainer/675d9a430a2131e816e11af9 HTTP/1.1" 200 1047 "http://localhost:5174/" "Mozilla/5.0 (Windows NT 10.0; Win64; x64) AppleWebKit/537.36 (KHTML, like Gecko) Chrome/131.0.0.0 Safari/537.36"
10.0.0.4 - - [06/Jan/2025:06:49:00 +0000] "OPTIONS /api/filestorage/upload-aadhar-pan/trainer/675d9a430a2131e816e11af9 HTTP/1.1" 204 0 "http://localhost:5174/" "Mozilla/5.0 (Windows NT 10.0; Win64; x64) AppleWebKit/537.36 (KHTML, like Gecko) Chrome/131.0.0.0 Safari/537.36"
10.0.0.4 - - [06/Jan/2025:06:49:01 +0000] "POST /api/filestorage/upload-aadhar-pan/trainer/675d9a430a2131e816e11af9 HTTP/1.1" 200 320 "http://localhost:5174/" "Mozilla/5.0 (Windows NT 10.0; Win64; x64) AppleWebKit/537.36 (KHTML, like Gecko) Chrome/131.0.0.0 Safari/537.36"
10.0.0.4 - - [06/Jan/2025:06:49:01 +0000] "OPTIONS /api/trainer/update/675d9a430a2131e816e11af9 HTTP/1.1" 204 0 "http://localhost:5174/" "Mozilla/5.0 (Windows NT 10.0; Win64; x64) AppleWebKit/537.36 (KHTML, like Gecko) Chrome/131.0.0.0 Safari/537.36"
10.0.0.4 - - [06/Jan/2025:06:49:01 +0000] "PUT /api/trainer/update/675d9a430a2131e816e11af9 HTTP/1.1" 200 2458 "http://localhost:5174/" "Mozilla/5.0 (Windows NT 10.0; Win64; x64) AppleWebKit/537.36 (KHTML, like Gecko) Chrome/131.0.0.0 Safari/537.36"
10.0.0.4 - - [06/Jan/2025:06:49:01 +0000] "OPTIONS /api/trainer/details/675d9a430a2131e816e11af9 HTTP/1.1" 204 0 "http://localhost:5174/" "Mozilla/5.0 (Windows NT 10.0; Win64; x64) AppleWebKit/537.36 (KHTML, like Gecko) Chrome/131.0.0.0 Safari/537.36"
10.0.0.4 - - [06/Jan/2025:06:49:01 +0000] "GET /api/trainer/details/675d9a430a2131e816e11af9 HTTP/1.1" 200 4281 "http://localhost:5174/" "Mozilla/5.0 (Windows NT 10.0; Win64; x64) AppleWebKit/537.36 (KHTML, like Gecko) Chrome/131.0.0.0 Safari/537.36"
10.0.0.4 - - [06/Jan/2025:06:49:14 +0000] "OPTIONS /api/filestorage/upload-aadhar-pan/trainer/675d9a430a2131e816e11af9 HTTP/1.1" 204 0 "http://localhost:5174/" "Mozilla/5.0 (Windows NT 10.0; Win64; x64) AppleWebKit/537.36 (KHTML, like Gecko) Chrome/131.0.0.0 Safari/537.36"
10.0.0.4 - - [06/Jan/2025:06:49:14 +0000] "POST /api/filestorage/upload-aadhar-pan/trainer/675d9a430a2131e816e11af9 HTTP/1.1" 200 320 "http://localhost:5174/" "Mozilla/5.0 (Windows NT 10.0; Win64; x64) AppleWebKit/537.36 (KHTML, like Gecko) Chrome/131.0.0.0 Safari/537.36"
10.0.0.4 - - [06/Jan/2025:06:49:14 +0000] "OPTIONS /api/trainer/update/675d9a430a2131e816e11af9 HTTP/1.1" 204 0 "http://localhost:5174/" "Mozilla/5.0 (Windows NT 10.0; Win64; x64) AppleWebKit/537.36 (KHTML, like Gecko) Chrome/131.0.0.0 Safari/537.36"
10.0.0.4 - - [06/Jan/2025:06:49:14 +0000] "PUT /api/trainer/update/675d9a430a2131e816e11af9 HTTP/1.1" 200 2458 "http://localhost:5174/" "Mozilla/5.0 (Windows NT 10.0; Win64; x64) AppleWebKit/537.36 (KHTML, like Gecko) Chrome/131.0.0.0 Safari/537.36"
10.0.0.4 - - [06/Jan/2025:06:49:14 +0000] "OPTIONS /api/trainer/details/675d9a430a2131e816e11af9 HTTP/1.1" 204 0 "http://localhost:5174/" "Mozilla/5.0 (Windows NT 10.0; Win64; x64) AppleWebKit/537.36 (KHTML, like Gecko) Chrome/131.0.0.0 Safari/537.36"
10.0.0.4 - - [06/Jan/2025:06:49:14 +0000] "GET /api/trainer/details/675d9a430a2131e816e11af9 HTTP/1.1" 200 4281 "http://localhost:5174/" "Mozilla/5.0 (Windows NT 10.0; Win64; x64) AppleWebKit/537.36 (KHTML, like Gecko) Chrome/131.0.0.0 Safari/537.36"
122.165.128.91 - - [06/Jan/2025:06:50:57 +0000] "OPTIONS /api/project/remainders/670f7196c82ddd3276d0bcef?startDate=2025-01-06 HTTP/1.1" 204 0 "http://bas.rjpinfotek.com:5173/" "Mozilla/5.0 (Windows NT 10.0; Win64; x64) AppleWebKit/537.36 (KHTML, like Gecko) Chrome/131.0.0.0 Safari/537.36 Edg/131.0.0.0"
122.165.128.91 - - [06/Jan/2025:06:50:57 +0000] "OPTIONS /api/project/remainders/670f7196c82ddd3276d0bcef?startDate=2025-01-06 HTTP/1.1" 204 0 "http://bas.rjpinfotek.com:5173/" "Mozilla/5.0 (Windows NT 10.0; Win64; x64) AppleWebKit/537.36 (KHTML, like Gecko) Chrome/131.0.0.0 Safari/537.36 Edg/131.0.0.0"
122.165.128.91 - - [06/Jan/2025:06:50:57 +0000] "GET /api/project/remainders/670f7196c82ddd3276d0bcef?startDate=2025-01-06 HTTP/1.1" 304 - "http://bas.rjpinfotek.com:5173/" "Mozilla/5.0 (Windows NT 10.0; Win64; x64) AppleWebKit/537.36 (KHTML, like Gecko) Chrome/131.0.0.0 Safari/537.36 Edg/131.0.0.0"
122.165.128.91 - - [06/Jan/2025:06:50:58 +0000] "GET /api/project/remainders/670f7196c82ddd3276d0bcef?startDate=2025-01-06 HTTP/1.1" 304 - "http://bas.rjpinfotek.com:5173/" "Mozilla/5.0 (Windows NT 10.0; Win64; x64) AppleWebKit/537.36 (KHTML, like Gecko) Chrome/131.0.0.0 Safari/537.36 Edg/131.0.0.0"
10.0.0.4 - - [06/Jan/2025:06:50:58 +0000] "OPTIONS /api/trainer/details/675d9a430a2131e816e11af9 HTTP/1.1" 204 0 "http://localhost:5174/" "Mozilla/5.0 (Windows NT 10.0; Win64; x64) AppleWebKit/537.36 (KHTML, like Gecko) Chrome/131.0.0.0 Safari/537.36"
10.0.0.4 - - [06/Jan/2025:06:50:58 +0000] "GET /api/trainer/details/675d9a430a2131e816e11af9 HTTP/1.1" 304 - "http://localhost:5174/" "Mozilla/5.0 (Windows NT 10.0; Win64; x64) AppleWebKit/537.36 (KHTML, like Gecko) Chrome/131.0.0.0 Safari/537.36"
10.0.0.4 - - [06/Jan/2025:06:51:01 +0000] "OPTIONS /api/project/remainders/670f7196c82ddd3276d0bcef?startDate=2025-01-06 HTTP/1.1" 204 0 "http://localhost:5173/" "Mozilla/5.0 (Windows NT 10.0; Win64; x64) AppleWebKit/537.36 (KHTML, like Gecko) Chrome/131.0.0.0 Safari/537.36"
10.0.0.4 - - [06/Jan/2025:06:51:01 +0000] "GET /api/project/remainders/670f7196c82ddd3276d0bcef?startDate=2025-01-06 HTTP/1.1" 304 - "http://localhost:5173/" "Mozilla/5.0 (Windows NT 10.0; Win64; x64) AppleWebKit/537.36 (KHTML, like Gecko) Chrome/131.0.0.0 Safari/537.36"
10.0.0.4 - - [06/Jan/2025:06:51:01 +0000] "GET /api/project/remainders/670f7196c82ddd3276d0bcef?startDate=2025-01-06 HTTP/1.1" 304 - "http://localhost:5173/" "Mozilla/5.0 (Windows NT 10.0; Win64; x64) AppleWebKit/537.36 (KHTML, like Gecko) Chrome/131.0.0.0 Safari/537.36"
10.0.0.4 - - [06/Jan/2025:06:51:02 +0000] "GET /api/project/remainders/670f7196c82ddd3276d0bcef?startDate=2025-01-06 HTTP/1.1" 304 - "http://localhost:5173/" "Mozilla/5.0 (Windows NT 10.0; Win64; x64) AppleWebKit/537.36 (KHTML, like Gecko) Chrome/131.0.0.0 Safari/537.36"
10.0.0.4 - - [06/Jan/2025:06:51:02 +0000] "GET /api/project/remainders/670f7196c82ddd3276d0bcef?startDate=2025-01-06 HTTP/1.1" 304 - "http://localhost:5173/" "Mozilla/5.0 (Windows NT 10.0; Win64; x64) AppleWebKit/537.36 (KHTML, like Gecko) Chrome/131.0.0.0 Safari/537.36"
10.0.0.4 - - [06/Jan/2025:06:53:02 +0000] "OPTIONS /api/trainer/details/675d9a430a2131e816e11af9 HTTP/1.1" 204 0 "http://localhost:5174/" "Mozilla/5.0 (Windows NT 10.0; Win64; x64) AppleWebKit/537.36 (KHTML, like Gecko) Chrome/131.0.0.0 Safari/537.36"
10.0.0.4 - - [06/Jan/2025:06:53:02 +0000] "GET /api/trainer/details/675d9a430a2131e816e11af9 HTTP/1.1" 304 - "http://localhost:5174/" "Mozilla/5.0 (Windows NT 10.0; Win64; x64) AppleWebKit/537.36 (KHTML, like Gecko) Chrome/131.0.0.0 Safari/537.36"
122.165.128.91 - - [06/Jan/2025:06:55:03 +0000] "OPTIONS /api/project/remainders/670f7196c82ddd3276d0bcef?startDate=2025-01-06 HTTP/1.1" 204 0 "http://bas.rjpinfotek.com:5173/" "Mozilla/5.0 (Windows NT 10.0; Win64; x64) AppleWebKit/537.36 (KHTML, like Gecko) Chrome/131.0.0.0 Safari/537.36 Edg/131.0.0.0"
122.165.128.91 - - [06/Jan/2025:06:55:03 +0000] "OPTIONS /api/project/remainders/670f7196c82ddd3276d0bcef?startDate=2025-01-06 HTTP/1.1" 204 0 "http://bas.rjpinfotek.com:5173/" "Mozilla/5.0 (Windows NT 10.0; Win64; x64) AppleWebKit/537.36 (KHTML, like Gecko) Chrome/131.0.0.0 Safari/537.36 Edg/131.0.0.0"
122.165.128.91 - - [06/Jan/2025:06:55:03 +0000] "GET /api/project/remainders/670f7196c82ddd3276d0bcef?startDate=2025-01-06 HTTP/1.1" 304 - "http://bas.rjpinfotek.com:5173/" "Mozilla/5.0 (Windows NT 10.0; Win64; x64) AppleWebKit/537.36 (KHTML, like Gecko) Chrome/131.0.0.0 Safari/537.36 Edg/131.0.0.0"
122.165.128.91 - - [06/Jan/2025:06:55:03 +0000] "GET /api/project/remainders/670f7196c82ddd3276d0bcef?startDate=2025-01-06 HTTP/1.1" 304 - "http://bas.rjpinfotek.com:5173/" "Mozilla/5.0 (Windows NT 10.0; Win64; x64) AppleWebKit/537.36 (KHTML, like Gecko) Chrome/131.0.0.0 Safari/537.36 Edg/131.0.0.0"
10.0.0.4 - - [06/Jan/2025:06:55:04 +0000] "OPTIONS /api/trainer/details/675d9a430a2131e816e11af9 HTTP/1.1" 204 0 "http://localhost:5174/" "Mozilla/5.0 (Windows NT 10.0; Win64; x64) AppleWebKit/537.36 (KHTML, like Gecko) Chrome/131.0.0.0 Safari/537.36"
10.0.0.4 - - [06/Jan/2025:06:55:04 +0000] "GET /api/trainer/details/675d9a430a2131e816e11af9 HTTP/1.1" 304 - "http://localhost:5174/" "Mozilla/5.0 (Windows NT 10.0; Win64; x64) AppleWebKit/537.36 (KHTML, like Gecko) Chrome/131.0.0.0 Safari/537.36"
10.0.0.4 - - [06/Jan/2025:06:55:05 +0000] "GET /api/trainer/details/675d9a430a2131e816e11af9 HTTP/1.1" 304 - "http://localhost:5174/" "Mozilla/5.0 (Windows NT 10.0; Win64; x64) AppleWebKit/537.36 (KHTML, like Gecko) Chrome/131.0.0.0 Safari/537.36"
10.0.0.4 - - [06/Jan/2025:06:55:08 +0000] "OPTIONS /api/project/remainders/670f7196c82ddd3276d0bcef?startDate=2025-01-06 HTTP/1.1" 204 0 "http://localhost:5173/" "Mozilla/5.0 (Windows NT 10.0; Win64; x64) AppleWebKit/537.36 (KHTML, like Gecko) Chrome/131.0.0.0 Safari/537.36"
10.0.0.4 - - [06/Jan/2025:06:55:08 +0000] "GET /api/project/remainders/670f7196c82ddd3276d0bcef?startDate=2025-01-06 HTTP/1.1" 304 - "http://localhost:5173/" "Mozilla/5.0 (Windows NT 10.0; Win64; x64) AppleWebKit/537.36 (KHTML, like Gecko) Chrome/131.0.0.0 Safari/537.36"
10.0.0.4 - - [06/Jan/2025:06:55:08 +0000] "GET /api/project/remainders/670f7196c82ddd3276d0bcef?startDate=2025-01-06 HTTP/1.1" 304 - "http://localhost:5173/" "Mozilla/5.0 (Windows NT 10.0; Win64; x64) AppleWebKit/537.36 (KHTML, like Gecko) Chrome/131.0.0.0 Safari/537.36"
10.0.0.4 - - [06/Jan/2025:06:55:10 +0000] "GET /api/project/remainders/670f7196c82ddd3276d0bcef?startDate=2025-01-06 HTTP/1.1" 304 - "http://localhost:5173/" "Mozilla/5.0 (Windows NT 10.0; Win64; x64) AppleWebKit/537.36 (KHTML, like Gecko) Chrome/131.0.0.0 Safari/537.36"
10.0.0.4 - - [06/Jan/2025:06:55:10 +0000] "GET /api/project/remainders/670f7196c82ddd3276d0bcef?startDate=2025-01-06 HTTP/1.1" 304 - "http://localhost:5173/" "Mozilla/5.0 (Windows NT 10.0; Win64; x64) AppleWebKit/537.36 (KHTML, like Gecko) Chrome/131.0.0.0 Safari/537.36"
10.0.0.4 - - [06/Jan/2025:06:55:12 +0000] "OPTIONS /api/trainer/details/675d9a430a2131e816e11af9 HTTP/1.1" 204 0 "http://localhost:5174/" "Mozilla/5.0 (Windows NT 10.0; Win64; x64) AppleWebKit/537.36 (KHTML, like Gecko) Chrome/131.0.0.0 Safari/537.36"
10.0.0.4 - - [06/Jan/2025:06:55:12 +0000] "GET /api/trainer/details/675d9a430a2131e816e11af9 HTTP/1.1" 304 - "http://localhost:5174/" "Mozilla/5.0 (Windows NT 10.0; Win64; x64) AppleWebKit/537.36 (KHTML, like Gecko) Chrome/131.0.0.0 Safari/537.36"
122.165.128.91 - - [06/Jan/2025:06:55:51 +0000] "OPTIONS /api/project/remainders/670f7196c82ddd3276d0bcef?startDate=2025-01-06 HTTP/1.1" 204 0 "http://bas.rjpinfotek.com:5173/" "Mozilla/5.0 (Windows NT 10.0; Win64; x64) AppleWebKit/537.36 (KHTML, like Gecko) Chrome/131.0.0.0 Safari/537.36 Edg/131.0.0.0"
122.165.128.91 - - [06/Jan/2025:06:55:51 +0000] "OPTIONS /api/project/remainders/670f7196c82ddd3276d0bcef?startDate=2025-01-06 HTTP/1.1" 204 0 "http://bas.rjpinfotek.com:5173/" "Mozilla/5.0 (Windows NT 10.0; Win64; x64) AppleWebKit/537.36 (KHTML, like Gecko) Chrome/131.0.0.0 Safari/537.36 Edg/131.0.0.0"
122.165.128.91 - - [06/Jan/2025:06:55:51 +0000] "GET /api/project/remainders/670f7196c82ddd3276d0bcef?startDate=2025-01-06 HTTP/1.1" 304 - "http://bas.rjpinfotek.com:5173/" "Mozilla/5.0 (Windows NT 10.0; Win64; x64) AppleWebKit/537.36 (KHTML, like Gecko) Chrome/131.0.0.0 Safari/537.36 Edg/131.0.0.0"
122.165.128.91 - - [06/Jan/2025:06:55:51 +0000] "GET /api/project/remainders/670f7196c82ddd3276d0bcef?startDate=2025-01-06 HTTP/1.1" 304 - "http://bas.rjpinfotek.com:5173/" "Mozilla/5.0 (Windows NT 10.0; Win64; x64) AppleWebKit/537.36 (KHTML, like Gecko) Chrome/131.0.0.0 Safari/537.36 Edg/131.0.0.0"
10.0.0.4 - - [06/Jan/2025:06:55:53 +0000] "OPTIONS /api/project/remainders/670f7196c82ddd3276d0bcef?startDate=2025-01-06 HTTP/1.1" 204 0 "http://localhost:5173/" "Mozilla/5.0 (Windows NT 10.0; Win64; x64) AppleWebKit/537.36 (KHTML, like Gecko) Chrome/131.0.0.0 Safari/537.36"
10.0.0.4 - - [06/Jan/2025:06:55:53 +0000] "GET /api/project/remainders/670f7196c82ddd3276d0bcef?startDate=2025-01-06 HTTP/1.1" 304 - "http://localhost:5173/" "Mozilla/5.0 (Windows NT 10.0; Win64; x64) AppleWebKit/537.36 (KHTML, like Gecko) Chrome/131.0.0.0 Safari/537.36"
10.0.0.4 - - [06/Jan/2025:06:55:53 +0000] "GET /api/project/remainders/670f7196c82ddd3276d0bcef?startDate=2025-01-06 HTTP/1.1" 304 - "http://localhost:5173/" "Mozilla/5.0 (Windows NT 10.0; Win64; x64) AppleWebKit/537.36 (KHTML, like Gecko) Chrome/131.0.0.0 Safari/537.36"
10.0.0.4 - - [06/Jan/2025:06:55:57 +0000] "OPTIONS /api/trainer/details/675d9a430a2131e816e11af9 HTTP/1.1" 204 0 "http://localhost:5174/" "Mozilla/5.0 (Windows NT 10.0; Win64; x64) AppleWebKit/537.36 (KHTML, like Gecko) Chrome/131.0.0.0 Safari/537.36"
10.0.0.4 - - [06/Jan/2025:06:55:57 +0000] "GET /api/trainer/details/675d9a430a2131e816e11af9 HTTP/1.1" 304 - "http://localhost:5174/" "Mozilla/5.0 (Windows NT 10.0; Win64; x64) AppleWebKit/537.36 (KHTML, like Gecko) Chrome/131.0.0.0 Safari/537.36"
10.0.0.4 - - [06/Jan/2025:06:56:04 +0000] "OPTIONS /api/project/remainders/670f7196c82ddd3276d0bcef?startDate=2025-01-06 HTTP/1.1" 204 0 "http://bas.rjpinfotek.com:5173/" "Mozilla/5.0 (Windows NT 10.0; Win64; x64) AppleWebKit/537.36 (KHTML, like Gecko) Chrome/131.0.0.0 Safari/537.36"
10.0.0.4 - - [06/Jan/2025:06:56:04 +0000] "GET /api/project/remainders/670f7196c82ddd3276d0bcef?startDate=2025-01-06 HTTP/1.1" 304 - "http://bas.rjpinfotek.com:5173/" "Mozilla/5.0 (Windows NT 10.0; Win64; x64) AppleWebKit/537.36 (KHTML, like Gecko) Chrome/131.0.0.0 Safari/537.36"
10.0.0.4 - - [06/Jan/2025:06:56:04 +0000] "GET /api/project/remainders/670f7196c82ddd3276d0bcef?startDate=2025-01-06 HTTP/1.1" 304 - "http://bas.rjpinfotek.com:5173/" "Mozilla/5.0 (Windows NT 10.0; Win64; x64) AppleWebKit/537.36 (KHTML, like Gecko) Chrome/131.0.0.0 Safari/537.36"
122.165.128.91 - - [06/Jan/2025:07:00:14 +0000] "OPTIONS /api/project/remainders/670f7196c82ddd3276d0bcef?startDate=2025-01-06 HTTP/1.1" 204 0 "http://bas.rjpinfotek.com:5173/" "Mozilla/5.0 (Windows NT 10.0; Win64; x64) AppleWebKit/537.36 (KHTML, like Gecko) Chrome/131.0.0.0 Safari/537.36 Edg/131.0.0.0"
122.165.128.91 - - [06/Jan/2025:07:00:14 +0000] "OPTIONS /api/project/remainders/670f7196c82ddd3276d0bcef?startDate=2025-01-06 HTTP/1.1" 204 0 "http://bas.rjpinfotek.com:5173/" "Mozilla/5.0 (Windows NT 10.0; Win64; x64) AppleWebKit/537.36 (KHTML, like Gecko) Chrome/131.0.0.0 Safari/537.36 Edg/131.0.0.0"
122.165.128.91 - - [06/Jan/2025:07:00:14 +0000] "GET /api/project/remainders/670f7196c82ddd3276d0bcef?startDate=2025-01-06 HTTP/1.1" 304 - "http://bas.rjpinfotek.com:5173/" "Mozilla/5.0 (Windows NT 10.0; Win64; x64) AppleWebKit/537.36 (KHTML, like Gecko) Chrome/131.0.0.0 Safari/537.36 Edg/131.0.0.0"
122.165.128.91 - - [06/Jan/2025:07:00:15 +0000] "GET /api/project/remainders/670f7196c82ddd3276d0bcef?startDate=2025-01-06 HTTP/1.1" 304 - "http://bas.rjpinfotek.com:5173/" "Mozilla/5.0 (Windows NT 10.0; Win64; x64) AppleWebKit/537.36 (KHTML, like Gecko) Chrome/131.0.0.0 Safari/537.36 Edg/131.0.0.0"
10.0.0.4 - - [06/Jan/2025:07:00:15 +0000] "OPTIONS /api/project/remainders/670f7196c82ddd3276d0bcef?startDate=2025-01-06 HTTP/1.1" 204 0 "http://localhost:5173/" "Mozilla/5.0 (Windows NT 10.0; Win64; x64) AppleWebKit/537.36 (KHTML, like Gecko) Chrome/131.0.0.0 Safari/537.36"
10.0.0.4 - - [06/Jan/2025:07:00:15 +0000] "OPTIONS /api/project/remainders/670f7196c82ddd3276d0bcef?startDate=2025-01-06 HTTP/1.1" 204 0 "http://localhost:5173/" "Mozilla/5.0 (Windows NT 10.0; Win64; x64) AppleWebKit/537.36 (KHTML, like Gecko) Chrome/131.0.0.0 Safari/537.36"
10.0.0.4 - - [06/Jan/2025:07:00:15 +0000] "GET /api/project/remainders/670f7196c82ddd3276d0bcef?startDate=2025-01-06 HTTP/1.1" 304 - "http://localhost:5173/" "Mozilla/5.0 (Windows NT 10.0; Win64; x64) AppleWebKit/537.36 (KHTML, like Gecko) Chrome/131.0.0.0 Safari/537.36"
10.0.0.4 - - [06/Jan/2025:07:00:15 +0000] "GET /api/project/remainders/670f7196c82ddd3276d0bcef?startDate=2025-01-06 HTTP/1.1" 304 - "http://localhost:5173/" "Mozilla/5.0 (Windows NT 10.0; Win64; x64) AppleWebKit/537.36 (KHTML, like Gecko) Chrome/131.0.0.0 Safari/537.36"
122.165.128.91 - - [06/Jan/2025:07:00:38 +0000] "OPTIONS /api/project/remainders/670f7196c82ddd3276d0bcef?startDate=2025-01-06 HTTP/1.1" 204 0 "http://bas.rjpinfotek.com:5173/" "Mozilla/5.0 (Windows NT 10.0; Win64; x64) AppleWebKit/537.36 (KHTML, like Gecko) Chrome/131.0.0.0 Safari/537.36 Edg/131.0.0.0"
122.165.128.91 - - [06/Jan/2025:07:00:38 +0000] "OPTIONS /api/project/remainders/670f7196c82ddd3276d0bcef?startDate=2025-01-06 HTTP/1.1" 204 0 "http://bas.rjpinfotek.com:5173/" "Mozilla/5.0 (Windows NT 10.0; Win64; x64) AppleWebKit/537.36 (KHTML, like Gecko) Chrome/131.0.0.0 Safari/537.36 Edg/131.0.0.0"
122.165.128.91 - - [06/Jan/2025:07:00:38 +0000] "GET /api/project/remainders/670f7196c82ddd3276d0bcef?startDate=2025-01-06 HTTP/1.1" 304 - "http://bas.rjpinfotek.com:5173/" "Mozilla/5.0 (Windows NT 10.0; Win64; x64) AppleWebKit/537.36 (KHTML, like Gecko) Chrome/131.0.0.0 Safari/537.36 Edg/131.0.0.0"
122.165.128.91 - - [06/Jan/2025:07:00:38 +0000] "GET /api/project/remainders/670f7196c82ddd3276d0bcef?startDate=2025-01-06 HTTP/1.1" 304 - "http://bas.rjpinfotek.com:5173/" "Mozilla/5.0 (Windows NT 10.0; Win64; x64) AppleWebKit/537.36 (KHTML, like Gecko) Chrome/131.0.0.0 Safari/537.36 Edg/131.0.0.0"
10.0.0.4 - - [06/Jan/2025:07:00:40 +0000] "OPTIONS /api/project/remainders/670f7196c82ddd3276d0bcef?startDate=2025-01-06 HTTP/1.1" 204 0 "http://localhost:5173/" "Mozilla/5.0 (Windows NT 10.0; Win64; x64) AppleWebKit/537.36 (KHTML, like Gecko) Chrome/131.0.0.0 Safari/537.36"
10.0.0.4 - - [06/Jan/2025:07:00:40 +0000] "GET /api/project/remainders/670f7196c82ddd3276d0bcef?startDate=2025-01-06 HTTP/1.1" 304 - "http://localhost:5173/" "Mozilla/5.0 (Windows NT 10.0; Win64; x64) AppleWebKit/537.36 (KHTML, like Gecko) Chrome/131.0.0.0 Safari/537.36"
10.0.0.4 - - [06/Jan/2025:07:00:40 +0000] "GET /api/project/remainders/670f7196c82ddd3276d0bcef?startDate=2025-01-06 HTTP/1.1" 304 - "http://localhost:5173/" "Mozilla/5.0 (Windows NT 10.0; Win64; x64) AppleWebKit/537.36 (KHTML, like Gecko) Chrome/131.0.0.0 Safari/537.36"
10.0.0.4 - - [06/Jan/2025:07:00:42 +0000] "GET /api/project/remainders/670f7196c82ddd3276d0bcef?startDate=2025-01-06 HTTP/1.1" 304 - "http://localhost:5173/" "Mozilla/5.0 (Windows NT 10.0; Win64; x64) AppleWebKit/537.36 (KHTML, like Gecko) Chrome/131.0.0.0 Safari/537.36"
10.0.0.4 - - [06/Jan/2025:07:00:42 +0000] "GET /api/project/remainders/670f7196c82ddd3276d0bcef?startDate=2025-01-06 HTTP/1.1" 304 - "http://localhost:5173/" "Mozilla/5.0 (Windows NT 10.0; Win64; x64) AppleWebKit/537.36 (KHTML, like Gecko) Chrome/131.0.0.0 Safari/537.36"
10.0.0.4 - - [06/Jan/2025:07:00:45 +0000] "OPTIONS /api/trainer/details/675d9a430a2131e816e11af9 HTTP/1.1" 204 0 "http://localhost:5174/" "Mozilla/5.0 (Windows NT 10.0; Win64; x64) AppleWebKit/537.36 (KHTML, like Gecko) Chrome/131.0.0.0 Safari/537.36"
10.0.0.4 - - [06/Jan/2025:07:00:45 +0000] "GET /api/trainer/details/675d9a430a2131e816e11af9 HTTP/1.1" 304 - "http://localhost:5174/" "Mozilla/5.0 (Windows NT 10.0; Win64; x64) AppleWebKit/537.36 (KHTML, like Gecko) Chrome/131.0.0.0 Safari/537.36"
10.0.0.4 - - [06/Jan/2025:07:00:46 +0000] "GET /api/trainer/details/675d9a430a2131e816e11af9 HTTP/1.1" 304 - "http://localhost:5174/" "Mozilla/5.0 (Windows NT 10.0; Win64; x64) AppleWebKit/537.36 (KHTML, like Gecko) Chrome/131.0.0.0 Safari/537.36"
10.0.0.4 - - [06/Jan/2025:07:01:43 +0000] "OPTIONS /api/employee/login HTTP/1.1" 204 0 "http://bas.rjpinfotek.com:5173/" "Mozilla/5.0 (Windows NT 10.0; Win64; x64) AppleWebKit/537.36 (KHTML, like Gecko) Chrome/131.0.0.0 Safari/537.36"
10.0.0.4 - - [06/Jan/2025:07:01:43 +0000] "POST /api/employee/login HTTP/1.1" 200 1697 "http://bas.rjpinfotek.com:5173/" "Mozilla/5.0 (Windows NT 10.0; Win64; x64) AppleWebKit/537.36 (KHTML, like Gecko) Chrome/131.0.0.0 Safari/537.36"
10.0.0.4 - - [06/Jan/2025:07:01:43 +0000] "OPTIONS /api/project/remainders/670f7196c82ddd3276d0bcef?startDate=2025-01-06 HTTP/1.1" 204 0 "http://bas.rjpinfotek.com:5173/" "Mozilla/5.0 (Windows NT 10.0; Win64; x64) AppleWebKit/537.36 (KHTML, like Gecko) Chrome/131.0.0.0 Safari/537.36"
10.0.0.4 - - [06/Jan/2025:07:01:43 +0000] "OPTIONS /api/project/remainders/670f7196c82ddd3276d0bcef?startDate=2025-01-06 HTTP/1.1" 204 0 "http://bas.rjpinfotek.com:5173/" "Mozilla/5.0 (Windows NT 10.0; Win64; x64) AppleWebKit/537.36 (KHTML, like Gecko) Chrome/131.0.0.0 Safari/537.36"
10.0.0.4 - - [06/Jan/2025:07:01:43 +0000] "GET /api/project/remainders/670f7196c82ddd3276d0bcef?startDate=2025-01-06 HTTP/1.1" 401 39 "http://bas.rjpinfotek.com:5173/" "Mozilla/5.0 (Windows NT 10.0; Win64; x64) AppleWebKit/537.36 (KHTML, like Gecko) Chrome/131.0.0.0 Safari/537.36"
10.0.0.4 - - [06/Jan/2025:07:01:43 +0000] "GET /api/project/remainders/670f7196c82ddd3276d0bcef?startDate=2025-01-06 HTTP/1.1" 401 39 "http://bas.rjpinfotek.com:5173/" "Mozilla/5.0 (Windows NT 10.0; Win64; x64) AppleWebKit/537.36 (KHTML, like Gecko) Chrome/131.0.0.0 Safari/537.36"
10.0.0.4 - - [06/Jan/2025:07:01:44 +0000] "GET /api/project/remainders/670f7196c82ddd3276d0bcef?startDate=2025-01-06 HTTP/1.1" 200 1028 "http://bas.rjpinfotek.com:5173/" "Mozilla/5.0 (Windows NT 10.0; Win64; x64) AppleWebKit/537.36 (KHTML, like Gecko) Chrome/131.0.0.0 Safari/537.36"
10.0.0.4 - - [06/Jan/2025:07:01:44 +0000] "GET /api/project/remainders/670f7196c82ddd3276d0bcef?startDate=2025-01-06 HTTP/1.1" 304 - "http://bas.rjpinfotek.com:5173/" "Mozilla/5.0 (Windows NT 10.0; Win64; x64) AppleWebKit/537.36 (KHTML, like Gecko) Chrome/131.0.0.0 Safari/537.36"
10.0.0.4 - - [06/Jan/2025:07:01:53 +0000] "OPTIONS /api/trainer/login HTTP/1.1" 204 0 "http://bas.rjpinfotek.com:5174/" "Mozilla/5.0 (Windows NT 10.0; Win64; x64) AppleWebKit/537.36 (KHTML, like Gecko) Chrome/131.0.0.0 Safari/537.36"
10.0.0.4 - - [06/Jan/2025:07:01:53 +0000] "POST /api/trainer/login HTTP/1.1" 500 42 "http://bas.rjpinfotek.com:5174/" "Mozilla/5.0 (Windows NT 10.0; Win64; x64) AppleWebKit/537.36 (KHTML, like Gecko) Chrome/131.0.0.0 Safari/537.36"
10.0.0.4 - - [06/Jan/2025:07:01:56 +0000] "POST /api/trainer/login HTTP/1.1" 200 4305 "http://bas.rjpinfotek.com:5174/" "Mozilla/5.0 (Windows NT 10.0; Win64; x64) AppleWebKit/537.36 (KHTML, like Gecko) Chrome/131.0.0.0 Safari/537.36"
10.0.0.4 - - [06/Jan/2025:07:01:56 +0000] "OPTIONS /api/trainer/details/675d9a430a2131e816e11af9 HTTP/1.1" 204 0 "http://bas.rjpinfotek.com:5174/" "Mozilla/5.0 (Windows NT 10.0; Win64; x64) AppleWebKit/537.36 (KHTML, like Gecko) Chrome/131.0.0.0 Safari/537.36"
10.0.0.4 - - [06/Jan/2025:07:01:56 +0000] "GET /api/trainer/details/675d9a430a2131e816e11af9 HTTP/1.1" 401 39 "http://bas.rjpinfotek.com:5174/" "Mozilla/5.0 (Windows NT 10.0; Win64; x64) AppleWebKit/537.36 (KHTML, like Gecko) Chrome/131.0.0.0 Safari/537.36"
10.0.0.4 - - [06/Jan/2025:07:01:57 +0000] "GET /api/trainer/details/675d9a430a2131e816e11af9 HTTP/1.1" 401 39 "http://bas.rjpinfotek.com:5174/" "Mozilla/5.0 (Windows NT 10.0; Win64; x64) AppleWebKit/537.36 (KHTML, like Gecko) Chrome/131.0.0.0 Safari/537.36"
10.0.0.4 - - [06/Jan/2025:07:01:59 +0000] "GET /api/trainer/details/675d9a430a2131e816e11af9 HTTP/1.1" 401 39 "http://bas.rjpinfotek.com:5174/" "Mozilla/5.0 (Windows NT 10.0; Win64; x64) AppleWebKit/537.36 (KHTML, like Gecko) Chrome/131.0.0.0 Safari/537.36"
10.0.0.4 - - [06/Jan/2025:07:02:03 +0000] "OPTIONS /api/trainer/details/675d9a430a2131e816e11af9 HTTP/1.1" 204 0 "http://bas.rjpinfotek.com:5174/" "Mozilla/5.0 (Windows NT 10.0; Win64; x64) AppleWebKit/537.36 (KHTML, like Gecko) Chrome/131.0.0.0 Safari/537.36"
10.0.0.4 - - [06/Jan/2025:07:02:03 +0000] "GET /api/trainer/details/675d9a430a2131e816e11af9 HTTP/1.1" 401 39 "http://bas.rjpinfotek.com:5174/" "Mozilla/5.0 (Windows NT 10.0; Win64; x64) AppleWebKit/537.36 (KHTML, like Gecko) Chrome/131.0.0.0 Safari/537.36"
10.0.0.4 - - [06/Jan/2025:07:02:05 +0000] "GET /api/trainer/details/675d9a430a2131e816e11af9 HTTP/1.1" 401 39 "http://bas.rjpinfotek.com:5174/" "Mozilla/5.0 (Windows NT 10.0; Win64; x64) AppleWebKit/537.36 (KHTML, like Gecko) Chrome/131.0.0.0 Safari/537.36"
10.0.0.4 - - [06/Jan/2025:07:02:06 +0000] "GET /api/trainer/details/675d9a430a2131e816e11af9 HTTP/1.1" 401 39 "http://bas.rjpinfotek.com:5174/" "Mozilla/5.0 (Windows NT 10.0; Win64; x64) AppleWebKit/537.36 (KHTML, like Gecko) Chrome/131.0.0.0 Safari/537.36"
10.0.0.4 - - [06/Jan/2025:07:02:07 +0000] "GET /api/trainer/details/675d9a430a2131e816e11af9 HTTP/1.1" 200 4281 "http://bas.rjpinfotek.com:5174/" "Mozilla/5.0 (Windows NT 10.0; Win64; x64) AppleWebKit/537.36 (KHTML, like Gecko) Chrome/131.0.0.0 Safari/537.36"
10.0.0.4 - - [06/Jan/2025:07:02:13 +0000] "OPTIONS /api/project/6776241d87bfcc480e5f5b31/trainer/675d9a430a2131e816e11af9 HTTP/1.1" 204 0 "http://bas.rjpinfotek.com:5174/" "Mozilla/5.0 (Windows NT 10.0; Win64; x64) AppleWebKit/537.36 (KHTML, like Gecko) Chrome/131.0.0.0 Safari/537.36"
10.0.0.4 - - [06/Jan/2025:07:02:13 +0000] "GET /api/project/6776241d87bfcc480e5f5b31/trainer/675d9a430a2131e816e11af9 HTTP/1.1" 200 1047 "http://bas.rjpinfotek.com:5174/" "Mozilla/5.0 (Windows NT 10.0; Win64; x64) AppleWebKit/537.36 (KHTML, like Gecko) Chrome/131.0.0.0 Safari/537.36"
10.0.0.4 - - [06/Jan/2025:07:07:40 +0000] "OPTIONS /api/project/remainders/670f7196c82ddd3276d0bcef?startDate=2025-01-06 HTTP/1.1" 204 0 "http://bas.rjpinfotek.com:5173/" "Mozilla/5.0 (Windows NT 10.0; Win64; x64) AppleWebKit/537.36 (KHTML, like Gecko) Chrome/131.0.0.0 Safari/537.36"
10.0.0.4 - - [06/Jan/2025:07:07:40 +0000] "OPTIONS /api/project/remainders/670f7196c82ddd3276d0bcef?startDate=2025-01-06 HTTP/1.1" 204 0 "http://bas.rjpinfotek.com:5173/" "Mozilla/5.0 (Windows NT 10.0; Win64; x64) AppleWebKit/537.36 (KHTML, like Gecko) Chrome/131.0.0.0 Safari/537.36"
10.0.0.4 - - [06/Jan/2025:07:07:40 +0000] "GET /api/project/remainders/670f7196c82ddd3276d0bcef?startDate=2025-01-06 HTTP/1.1" 304 - "http://bas.rjpinfotek.com:5173/" "Mozilla/5.0 (Windows NT 10.0; Win64; x64) AppleWebKit/537.36 (KHTML, like Gecko) Chrome/131.0.0.0 Safari/537.36"
10.0.0.4 - - [06/Jan/2025:07:07:40 +0000] "GET /api/project/remainders/670f7196c82ddd3276d0bcef?startDate=2025-01-06 HTTP/1.1" 304 - "http://bas.rjpinfotek.com:5173/" "Mozilla/5.0 (Windows NT 10.0; Win64; x64) AppleWebKit/537.36 (KHTML, like Gecko) Chrome/131.0.0.0 Safari/537.36"
10.0.0.4 - - [06/Jan/2025:07:11:57 +0000] "OPTIONS /api/trainer/details/675d9a430a2131e816e11af9 HTTP/1.1" 204 0 "http://localhost:5174/" "Mozilla/5.0 (Windows NT 10.0; Win64; x64) AppleWebKit/537.36 (KHTML, like Gecko) Chrome/131.0.0.0 Safari/537.36"
10.0.0.4 - - [06/Jan/2025:07:11:57 +0000] "GET /api/trainer/details/675d9a430a2131e816e11af9 HTTP/1.1" 304 - "http://localhost:5174/" "Mozilla/5.0 (Windows NT 10.0; Win64; x64) AppleWebKit/537.36 (KHTML, like Gecko) Chrome/131.0.0.0 Safari/537.36"
122.165.128.91 - - [06/Jan/2025:07:11:58 +0000] "OPTIONS /api/project/remainders/670f7196c82ddd3276d0bcef?startDate=2025-01-06 HTTP/1.1" 204 0 "http://bas.rjpinfotek.com:5173/" "Mozilla/5.0 (Windows NT 10.0; Win64; x64) AppleWebKit/537.36 (KHTML, like Gecko) Chrome/131.0.0.0 Safari/537.36 Edg/131.0.0.0"
122.165.128.91 - - [06/Jan/2025:07:11:58 +0000] "OPTIONS /api/project/remainders/670f7196c82ddd3276d0bcef?startDate=2025-01-06 HTTP/1.1" 204 0 "http://bas.rjpinfotek.com:5173/" "Mozilla/5.0 (Windows NT 10.0; Win64; x64) AppleWebKit/537.36 (KHTML, like Gecko) Chrome/131.0.0.0 Safari/537.36 Edg/131.0.0.0"
10.0.0.4 - - [06/Jan/2025:07:11:58 +0000] "OPTIONS /api/project/remainders/670f7196c82ddd3276d0bcef?startDate=2025-01-06 HTTP/1.1" 204 0 "http://bas.rjpinfotek.com:5173/" "Mozilla/5.0 (Windows NT 10.0; Win64; x64) AppleWebKit/537.36 (KHTML, like Gecko) Chrome/131.0.0.0 Safari/537.36"
10.0.0.4 - - [06/Jan/2025:07:11:58 +0000] "OPTIONS /api/project/remainders/670f7196c82ddd3276d0bcef?startDate=2025-01-06 HTTP/1.1" 204 0 "http://bas.rjpinfotek.com:5173/" "Mozilla/5.0 (Windows NT 10.0; Win64; x64) AppleWebKit/537.36 (KHTML, like Gecko) Chrome/131.0.0.0 Safari/537.36"
122.165.128.91 - - [06/Jan/2025:07:11:58 +0000] "GET /api/project/remainders/670f7196c82ddd3276d0bcef?startDate=2025-01-06 HTTP/1.1" 304 - "http://bas.rjpinfotek.com:5173/" "Mozilla/5.0 (Windows NT 10.0; Win64; x64) AppleWebKit/537.36 (KHTML, like Gecko) Chrome/131.0.0.0 Safari/537.36 Edg/131.0.0.0"
10.0.0.4 - - [06/Jan/2025:07:11:58 +0000] "GET /api/project/remainders/670f7196c82ddd3276d0bcef?startDate=2025-01-06 HTTP/1.1" 304 - "http://bas.rjpinfotek.com:5173/" "Mozilla/5.0 (Windows NT 10.0; Win64; x64) AppleWebKit/537.36 (KHTML, like Gecko) Chrome/131.0.0.0 Safari/537.36"
122.165.128.91 - - [06/Jan/2025:07:11:58 +0000] "GET /api/project/remainders/670f7196c82ddd3276d0bcef?startDate=2025-01-06 HTTP/1.1" 304 - "http://bas.rjpinfotek.com:5173/" "Mozilla/5.0 (Windows NT 10.0; Win64; x64) AppleWebKit/537.36 (KHTML, like Gecko) Chrome/131.0.0.0 Safari/537.36 Edg/131.0.0.0"
10.0.0.4 - - [06/Jan/2025:07:11:58 +0000] "GET /api/project/remainders/670f7196c82ddd3276d0bcef?startDate=2025-01-06 HTTP/1.1" 304 - "http://bas.rjpinfotek.com:5173/" "Mozilla/5.0 (Windows NT 10.0; Win64; x64) AppleWebKit/537.36 (KHTML, like Gecko) Chrome/131.0.0.0 Safari/537.36"
10.0.0.4 - - [06/Jan/2025:07:12:01 +0000] "OPTIONS /api/project/remainders/670f7196c82ddd3276d0bcef?startDate=2025-01-06 HTTP/1.1" 204 0 "http://bas.rjpinfotek.com:5173/" "Mozilla/5.0 (Windows NT 10.0; Win64; x64) AppleWebKit/537.36 (KHTML, like Gecko) Chrome/131.0.0.0 Safari/537.36"
10.0.0.4 - - [06/Jan/2025:07:12:01 +0000] "OPTIONS /api/project/remainders/670f7196c82ddd3276d0bcef?startDate=2025-01-06 HTTP/1.1" 204 0 "http://bas.rjpinfotek.com:5173/" "Mozilla/5.0 (Windows NT 10.0; Win64; x64) AppleWebKit/537.36 (KHTML, like Gecko) Chrome/131.0.0.0 Safari/537.36"
10.0.0.4 - - [06/Jan/2025:07:12:01 +0000] "GET /api/project/remainders/670f7196c82ddd3276d0bcef?startDate=2025-01-06 HTTP/1.1" 304 - "http://bas.rjpinfotek.com:5173/" "Mozilla/5.0 (Windows NT 10.0; Win64; x64) AppleWebKit/537.36 (KHTML, like Gecko) Chrome/131.0.0.0 Safari/537.36"
10.0.0.4 - - [06/Jan/2025:07:12:01 +0000] "GET /api/project/remainders/670f7196c82ddd3276d0bcef?startDate=2025-01-06 HTTP/1.1" 304 - "http://bas.rjpinfotek.com:5173/" "Mozilla/5.0 (Windows NT 10.0; Win64; x64) AppleWebKit/537.36 (KHTML, like Gecko) Chrome/131.0.0.0 Safari/537.36"
10.0.0.4 - - [06/Jan/2025:07:12:02 +0000] "OPTIONS /api/project/remainders/670f7196c82ddd3276d0bcef?startDate=2025-01-06 HTTP/1.1" 204 0 "http://localhost:5173/" "Mozilla/5.0 (Windows NT 10.0; Win64; x64) AppleWebKit/537.36 (KHTML, like Gecko) Chrome/131.0.0.0 Safari/537.36"
10.0.0.4 - - [06/Jan/2025:07:12:02 +0000] "GET /api/project/remainders/670f7196c82ddd3276d0bcef?startDate=2025-01-06 HTTP/1.1" 304 - "http://localhost:5173/" "Mozilla/5.0 (Windows NT 10.0; Win64; x64) AppleWebKit/537.36 (KHTML, like Gecko) Chrome/131.0.0.0 Safari/537.36"
10.0.0.4 - - [06/Jan/2025:07:12:03 +0000] "GET /api/project/remainders/670f7196c82ddd3276d0bcef?startDate=2025-01-06 HTTP/1.1" 304 - "http://localhost:5173/" "Mozilla/5.0 (Windows NT 10.0; Win64; x64) AppleWebKit/537.36 (KHTML, like Gecko) Chrome/131.0.0.0 Safari/537.36"
110.224.87.33 - - [06/Jan/2025:07:12:10 +0000] "OPTIONS /api/trainer/login HTTP/1.1" 204 0 "http://bas.rjpinfotek.com:5174/" "Mozilla/5.0 (Linux; Android 10; K) AppleWebKit/537.36 (KHTML, like Gecko) Chrome/131.0.0.0 Mobile Safari/537.36"
110.224.87.33 - - [06/Jan/2025:07:12:11 +0000] "POST /api/trainer/login HTTP/1.1" 200 4654 "http://bas.rjpinfotek.com:5174/" "Mozilla/5.0 (Linux; Android 10; K) AppleWebKit/537.36 (KHTML, like Gecko) Chrome/131.0.0.0 Mobile Safari/537.36"
110.224.87.33 - - [06/Jan/2025:07:12:11 +0000] "OPTIONS /api/trainer/details/675d97ed0a2131e816e11abd HTTP/1.1" 204 0 "http://bas.rjpinfotek.com:5174/" "Mozilla/5.0 (Linux; Android 10; K) AppleWebKit/537.36 (KHTML, like Gecko) Chrome/131.0.0.0 Mobile Safari/537.36"
110.224.87.33 - - [06/Jan/2025:07:12:11 +0000] "GET /api/trainer/details/675d97ed0a2131e816e11abd HTTP/1.1" 401 39 "http://bas.rjpinfotek.com:5174/" "Mozilla/5.0 (Linux; Android 10; K) AppleWebKit/537.36 (KHTML, like Gecko) Chrome/131.0.0.0 Mobile Safari/537.36"
110.224.87.33 - - [06/Jan/2025:07:12:12 +0000] "GET /api/trainer/details/675d97ed0a2131e816e11abd HTTP/1.1" 401 39 "http://bas.rjpinfotek.com:5174/" "Mozilla/5.0 (Linux; Android 10; K) AppleWebKit/537.36 (KHTML, like Gecko) Chrome/131.0.0.0 Mobile Safari/537.36"
110.224.87.33 - - [06/Jan/2025:07:12:14 +0000] "GET /api/trainer/details/675d97ed0a2131e816e11abd HTTP/1.1" 401 39 "http://bas.rjpinfotek.com:5174/" "Mozilla/5.0 (Linux; Android 10; K) AppleWebKit/537.36 (KHTML, like Gecko) Chrome/131.0.0.0 Mobile Safari/537.36"
110.224.87.33 - - [06/Jan/2025:07:12:18 +0000] "OPTIONS /api/trainer/details/675d97ed0a2131e816e11abd HTTP/1.1" 204 0 "http://bas.rjpinfotek.com:5174/" "Mozilla/5.0 (Linux; Android 10; K) AppleWebKit/537.36 (KHTML, like Gecko) Chrome/131.0.0.0 Mobile Safari/537.36"
110.224.87.33 - - [06/Jan/2025:07:12:18 +0000] "GET /api/trainer/details/675d97ed0a2131e816e11abd HTTP/1.1" 401 39 "http://bas.rjpinfotek.com:5174/" "Mozilla/5.0 (Linux; Android 10; K) AppleWebKit/537.36 (KHTML, like Gecko) Chrome/131.0.0.0 Mobile Safari/537.36"
110.224.87.33 - - [06/Jan/2025:07:12:25 +0000] "OPTIONS /api/trainer/details/675d97ed0a2131e816e11abd HTTP/1.1" 204 0 "http://bas.rjpinfotek.com:5174/" "Mozilla/5.0 (Linux; Android 10; K) AppleWebKit/537.36 (KHTML, like Gecko) Chrome/131.0.0.0 Mobile Safari/537.36"
110.224.87.33 - - [06/Jan/2025:07:12:25 +0000] "GET /api/trainer/details/675d97ed0a2131e816e11abd HTTP/1.1" 200 4650 "http://bas.rjpinfotek.com:5174/" "Mozilla/5.0 (Linux; Android 10; K) AppleWebKit/537.36 (KHTML, like Gecko) Chrome/131.0.0.0 Mobile Safari/537.36"
110.224.87.33 - - [06/Jan/2025:07:12:28 +0000] "OPTIONS /api/project/6766554847562b3d23069a86/trainer/675d97ed0a2131e816e11abd HTTP/1.1" 204 0 "http://bas.rjpinfotek.com:5174/" "Mozilla/5.0 (Linux; Android 10; K) AppleWebKit/537.36 (KHTML, like Gecko) Chrome/131.0.0.0 Mobile Safari/537.36"
110.224.87.33 - - [06/Jan/2025:07:12:28 +0000] "GET /api/project/6766554847562b3d23069a86/trainer/675d97ed0a2131e816e11abd HTTP/1.1" 200 2096 "http://bas.rjpinfotek.com:5174/" "Mozilla/5.0 (Linux; Android 10; K) AppleWebKit/537.36 (KHTML, like Gecko) Chrome/131.0.0.0 Mobile Safari/537.36"
122.165.128.91 - - [06/Jan/2025:07:13:39 +0000] "OPTIONS /api/trainer/login HTTP/1.1" 204 0 "http://4.240.61.150:5174/" "Mozilla/5.0 (Linux; Android 10; K) AppleWebKit/537.36 (KHTML, like Gecko) Chrome/131.0.0.0 Mobile Safari/537.36"
122.165.128.91 - - [06/Jan/2025:07:13:43 +0000] "OPTIONS /api/trainer/login HTTP/1.1" 204 0 "http://4.240.61.150:5174/" "Mozilla/5.0 (Linux; Android 10; K) AppleWebKit/537.36 (KHTML, like Gecko) Chrome/131.0.0.0 Mobile Safari/537.36"
122.165.128.91 - - [06/Jan/2025:07:13:51 +0000] "OPTIONS /api/trainer/login HTTP/1.1" 204 0 "http://4.240.61.150:5174/" "Mozilla/5.0 (Linux; Android 10; K) AppleWebKit/537.36 (KHTML, like Gecko) Chrome/131.0.0.0 Mobile Safari/537.36"
122.165.128.91 - - [06/Jan/2025:07:13:54 +0000] "OPTIONS /api/trainer/login HTTP/1.1" 204 0 "http://4.240.61.150:5174/" "Mozilla/5.0 (Linux; Android 10; K) AppleWebKit/537.36 (KHTML, like Gecko) Chrome/131.0.0.0 Mobile Safari/537.36"
122.165.128.91 - - [06/Jan/2025:07:14:00 +0000] "OPTIONS /api/trainer/login HTTP/1.1" 204 0 "http://4.240.61.150:5174/" "Mozilla/5.0 (Linux; Android 10; K) AppleWebKit/537.36 (KHTML, like Gecko) Chrome/131.0.0.0 Mobile Safari/537.36"
122.165.128.91 - - [06/Jan/2025:07:14:02 +0000] "OPTIONS /api/trainer/login HTTP/1.1" 204 0 "http://4.240.61.150:5174/" "Mozilla/5.0 (Linux; Android 10; K) AppleWebKit/537.36 (KHTML, like Gecko) Chrome/131.0.0.0 Mobile Safari/537.36"
122.165.128.91 - - [06/Jan/2025:07:14:03 +0000] "OPTIONS /api/trainer/login HTTP/1.1" 204 0 "http://4.240.61.150:5174/" "Mozilla/5.0 (Linux; Android 10; K) AppleWebKit/537.36 (KHTML, like Gecko) Chrome/131.0.0.0 Mobile Safari/537.36"
122.165.128.91 - - [06/Jan/2025:07:14:06 +0000] "OPTIONS /api/trainer/login HTTP/1.1" 204 0 "http://4.240.61.150:5174/" "Mozilla/5.0 (Linux; Android 10; K) AppleWebKit/537.36 (KHTML, like Gecko) Chrome/131.0.0.0 Mobile Safari/537.36"
122.165.128.91 - - [06/Jan/2025:07:14:12 +0000] "OPTIONS /api/trainer/login HTTP/1.1" 204 0 "http://4.240.61.150:5174/" "Mozilla/5.0 (Linux; Android 10; K) AppleWebKit/537.36 (KHTML, like Gecko) Chrome/131.0.0.0 Mobile Safari/537.36"
10.0.0.4 - - [06/Jan/2025:07:14:15 +0000] "OPTIONS /api/project/remainders/670f7196c82ddd3276d0bcef?startDate=2025-01-06 HTTP/1.1" 204 0 "http://bas.rjpinfotek.com:5173/" "Mozilla/5.0 (Windows NT 10.0; Win64; x64) AppleWebKit/537.36 (KHTML, like Gecko) Chrome/131.0.0.0 Safari/537.36"
10.0.0.4 - - [06/Jan/2025:07:14:15 +0000] "OPTIONS /api/project/remainders/670f7196c82ddd3276d0bcef?startDate=2025-01-06 HTTP/1.1" 204 0 "http://bas.rjpinfotek.com:5173/" "Mozilla/5.0 (Windows NT 10.0; Win64; x64) AppleWebKit/537.36 (KHTML, like Gecko) Chrome/131.0.0.0 Safari/537.36"
10.0.0.4 - - [06/Jan/2025:07:14:15 +0000] "GET /api/project/remainders/670f7196c82ddd3276d0bcef?startDate=2025-01-06 HTTP/1.1" 304 - "http://bas.rjpinfotek.com:5173/" "Mozilla/5.0 (Windows NT 10.0; Win64; x64) AppleWebKit/537.36 (KHTML, like Gecko) Chrome/131.0.0.0 Safari/537.36"
122.165.128.91 - - [06/Jan/2025:07:14:15 +0000] "OPTIONS /api/project/remainders/670f7196c82ddd3276d0bcef?startDate=2025-01-06 HTTP/1.1" 204 0 "http://bas.rjpinfotek.com:5173/" "Mozilla/5.0 (Windows NT 10.0; Win64; x64) AppleWebKit/537.36 (KHTML, like Gecko) Chrome/131.0.0.0 Safari/537.36 Edg/131.0.0.0"
122.165.128.91 - - [06/Jan/2025:07:14:15 +0000] "OPTIONS /api/project/remainders/670f7196c82ddd3276d0bcef?startDate=2025-01-06 HTTP/1.1" 204 0 "http://bas.rjpinfotek.com:5173/" "Mozilla/5.0 (Windows NT 10.0; Win64; x64) AppleWebKit/537.36 (KHTML, like Gecko) Chrome/131.0.0.0 Safari/537.36 Edg/131.0.0.0"
10.0.0.4 - - [06/Jan/2025:07:14:15 +0000] "GET /api/project/remainders/670f7196c82ddd3276d0bcef?startDate=2025-01-06 HTTP/1.1" 304 - "http://bas.rjpinfotek.com:5173/" "Mozilla/5.0 (Windows NT 10.0; Win64; x64) AppleWebKit/537.36 (KHTML, like Gecko) Chrome/131.0.0.0 Safari/537.36"
122.165.128.91 - - [06/Jan/2025:07:14:15 +0000] "GET /api/project/remainders/670f7196c82ddd3276d0bcef?startDate=2025-01-06 HTTP/1.1" 304 - "http://bas.rjpinfotek.com:5173/" "Mozilla/5.0 (Windows NT 10.0; Win64; x64) AppleWebKit/537.36 (KHTML, like Gecko) Chrome/131.0.0.0 Safari/537.36 Edg/131.0.0.0"
122.165.128.91 - - [06/Jan/2025:07:14:16 +0000] "GET /api/project/remainders/670f7196c82ddd3276d0bcef?startDate=2025-01-06 HTTP/1.1" 304 - "http://bas.rjpinfotek.com:5173/" "Mozilla/5.0 (Windows NT 10.0; Win64; x64) AppleWebKit/537.36 (KHTML, like Gecko) Chrome/131.0.0.0 Safari/537.36 Edg/131.0.0.0"
10.0.0.4 - - [06/Jan/2025:07:14:18 +0000] "OPTIONS /api/project/remainders/670f7196c82ddd3276d0bcef?startDate=2025-01-06 HTTP/1.1" 204 0 "http://bas.rjpinfotek.com:5173/" "Mozilla/5.0 (Windows NT 10.0; Win64; x64) AppleWebKit/537.36 (KHTML, like Gecko) Chrome/131.0.0.0 Safari/537.36"
10.0.0.4 - - [06/Jan/2025:07:14:18 +0000] "GET /api/project/remainders/670f7196c82ddd3276d0bcef?startDate=2025-01-06 HTTP/1.1" 304 - "http://bas.rjpinfotek.com:5173/" "Mozilla/5.0 (Windows NT 10.0; Win64; x64) AppleWebKit/537.36 (KHTML, like Gecko) Chrome/131.0.0.0 Safari/537.36"
10.0.0.4 - - [06/Jan/2025:07:14:18 +0000] "GET /api/project/remainders/670f7196c82ddd3276d0bcef?startDate=2025-01-06 HTTP/1.1" 304 - "http://bas.rjpinfotek.com:5173/" "Mozilla/5.0 (Windows NT 10.0; Win64; x64) AppleWebKit/537.36 (KHTML, like Gecko) Chrome/131.0.0.0 Safari/537.36"
10.0.0.4 - - [06/Jan/2025:07:14:18 +0000] "OPTIONS /api/project/remainders/670f7196c82ddd3276d0bcef?startDate=2025-01-06 HTTP/1.1" 204 0 "http://localhost:5173/" "Mozilla/5.0 (Windows NT 10.0; Win64; x64) AppleWebKit/537.36 (KHTML, like Gecko) Chrome/131.0.0.0 Safari/537.36"
10.0.0.4 - - [06/Jan/2025:07:14:18 +0000] "GET /api/project/remainders/670f7196c82ddd3276d0bcef?startDate=2025-01-06 HTTP/1.1" 304 - "http://localhost:5173/" "Mozilla/5.0 (Windows NT 10.0; Win64; x64) AppleWebKit/537.36 (KHTML, like Gecko) Chrome/131.0.0.0 Safari/537.36"
10.0.0.4 - - [06/Jan/2025:07:14:18 +0000] "GET /api/project/remainders/670f7196c82ddd3276d0bcef?startDate=2025-01-06 HTTP/1.1" 304 - "http://localhost:5173/" "Mozilla/5.0 (Windows NT 10.0; Win64; x64) AppleWebKit/537.36 (KHTML, like Gecko) Chrome/131.0.0.0 Safari/537.36"
122.165.128.91 - - [06/Jan/2025:07:14:38 +0000] "OPTIONS /api/trainer/login HTTP/1.1" 204 0 "http://4.240.61.150:5174/" "Mozilla/5.0 (Linux; Android 10; K) AppleWebKit/537.36 (KHTML, like Gecko) Chrome/131.0.0.0 Mobile Safari/537.36"
122.165.128.91 - - [06/Jan/2025:07:14:54 +0000] "OPTIONS /api/trainer/login HTTP/1.1" 204 0 "http://4.240.61.150:5174/" "Mozilla/5.0 (Linux; Android 10; K) AppleWebKit/537.36 (KHTML, like Gecko) Chrome/131.0.0.0 Mobile Safari/537.36"
122.165.128.91 - - [06/Jan/2025:07:15:08 +0000] "OPTIONS /api/trainer/login HTTP/1.1" 204 0 "http://4.240.61.150:5174/" "Mozilla/5.0 (Linux; Android 10; K) AppleWebKit/537.36 (KHTML, like Gecko) Chrome/131.0.0.0 Mobile Safari/537.36"
122.165.128.91 - - [06/Jan/2025:07:15:10 +0000] "OPTIONS /api/trainer/login HTTP/1.1" 204 0 "http://4.240.61.150:5174/" "Mozilla/5.0 (Linux; Android 10; K) AppleWebKit/537.36 (KHTML, like Gecko) Chrome/131.0.0.0 Mobile Safari/537.36"
110.224.87.33 - - [06/Jan/2025:07:15:32 +0000] "OPTIONS /api/trainer/details/675d97ed0a2131e816e11abd HTTP/1.1" 204 0 "http://bas.rjpinfotek.com:5174/" "Mozilla/5.0 (Linux; Android 10; K) AppleWebKit/537.36 (KHTML, like Gecko) Chrome/131.0.0.0 Mobile Safari/537.36"
110.224.87.33 - - [06/Jan/2025:07:15:33 +0000] "GET /api/trainer/details/675d97ed0a2131e816e11abd HTTP/1.1" 304 - "http://bas.rjpinfotek.com:5174/" "Mozilla/5.0 (Linux; Android 10; K) AppleWebKit/537.36 (KHTML, like Gecko) Chrome/131.0.0.0 Mobile Safari/537.36"
110.224.87.33 - - [06/Jan/2025:07:15:33 +0000] "OPTIONS /api/project/6766554847562b3d23069a86/trainer/675d97ed0a2131e816e11abd HTTP/1.1" 204 0 "http://bas.rjpinfotek.com:5174/" "Mozilla/5.0 (Linux; Android 10; K) AppleWebKit/537.36 (KHTML, like Gecko) Chrome/131.0.0.0 Mobile Safari/537.36"
110.224.87.33 - - [06/Jan/2025:07:15:33 +0000] "GET /api/project/6766554847562b3d23069a86/trainer/675d97ed0a2131e816e11abd HTTP/1.1" 304 - "http://bas.rjpinfotek.com:5174/" "Mozilla/5.0 (Linux; Android 10; K) AppleWebKit/537.36 (KHTML, like Gecko) Chrome/131.0.0.0 Mobile Safari/537.36"
10.0.0.5 - - [06/Jan/2025:07:15:37 +0000] "OPTIONS /api/project/remainders/670f7196c82ddd3276d0bcef?startDate=2025-01-06 HTTP/1.1" 204 0 "http://bas.rjpinfotek.com:5173/" "Mozilla/5.0 (X11; Linux x86_64; rv:128.0) Gecko/20100101 Firefox/128.0"
10.0.0.5 - - [06/Jan/2025:07:15:37 +0000] "OPTIONS /api/project/remainders/670f7196c82ddd3276d0bcef?startDate=2025-01-06 HTTP/1.1" 204 0 "http://bas.rjpinfotek.com:5173/" "Mozilla/5.0 (X11; Linux x86_64; rv:128.0) Gecko/20100101 Firefox/128.0"
10.0.0.5 - - [06/Jan/2025:07:15:37 +0000] "GET /api/project/remainders/670f7196c82ddd3276d0bcef?startDate=2025-01-06 HTTP/1.1" 200 1028 "http://bas.rjpinfotek.com:5173/" "Mozilla/5.0 (X11; Linux x86_64; rv:128.0) Gecko/20100101 Firefox/128.0"
